   Compiling proc-macro2 v1.0.106
   Compiling quote v1.0.45
   Compiling unicode-ident v1.0.24
   Compiling heck v0.5.0
   Compiling crossbeam-epoch v0.9.20
   Compiling crossbeam-deque v0.8.6
   Compiling rayon-core v1.13.0
   Compiling rayon v1.12.0
   Compiling syn v2.0.117
   Compiling serde_derive v1.0.228
   Compiling clap_derive v4.5.55
   Compiling zerocopy-derive v0.8.48
   Compiling zerocopy v0.8.48
   Compiling clap v4.5.58
   Compiling kairo-ecs-debug v0.0.0 (/Users/doughnut/Documents/careops-sim/libs/kairos/crates/kairo-ecs-debug)
   Compiling serde v1.0.228
   Compiling tinytemplate v1.2.1
   Compiling kairo-ecs-core v0.0.0 (/Users/doughnut/Documents/careops-sim/libs/kairos/crates/kairo-ecs-core)
   Compiling half v2.7.1
   Compiling ciborium-ll v0.2.2
   Compiling ciborium v0.2.2
   Compiling criterion v0.5.1
   Compiling kairo-ecs-bench v0.1.0 (/Users/doughnut/Documents/careops-sim/libs/kairos/crates/kairo-ecs-bench)
    Finished `test` profile [unoptimized + debuginfo] target(s) in 13.76s
     Running unittests src/lib.rs (target/debug/deps/kairo_ecs_abm-29472ecd65cd4222)

running 7 tests
test tests::behavior_simulation_respects_event_budget ... ok
test tests::behavior_decision_can_despawn_agent ... ok
test tests::behavior_simulation_replays_entity_rng ... ok
test tests::behavior_simulation_updates_in_scheduler_order ... ok
test tests::despawned_agent_future_events_do_not_update_behavior ... ok
test tests::schedule_and_step ... ok
test tests::spawn_and_attach ... ok

test result: ok. 7 passed; 0 failed; 0 ignored; 0 measured; 0 filtered out; finished in 0.00s

     Running tests/abm_behavior_update_v1.rs (target/debug/deps/abm_behavior_update_v1-fef7d9a0120c2f0b)

running 2 tests
test abm_behavior_update_v1_runs_updates_in_scheduler_order ... ok
test abm_behavior_update_v1_replays_entity_rng_streams ... ok

test result: ok. 2 passed; 0 failed; 0 ignored; 0 measured; 0 filtered out; finished in 0.00s

     Running tests/abm_integration.rs (target/debug/deps/abm_integration-276212e389d500c6)

running 3 tests
test multi_agent_scheduling ... ok
test agent_with_components ... ok
test schedule_and_dispatch ... ok

test result: ok. 3 passed; 0 failed; 0 ignored; 0 measured; 0 filtered out; finished in 0.01s

     Running unittests src/lib.rs (target/debug/deps/kairo_ecs_arrow-d37b38ea992553a6)

running 6 tests
test tests::event_log_schema_matches_track_04_order ... ok
test tests::validation_rejects_incompatible_schema_version ... ok
test tests::previous_facade_still_flushes_records ... ok
test tests::event_log_batch_round_trips_smoke_bytes ... ok
test tests::dispatched_record_maps_core_event_fields ... ok
test tests::smoke_bytes_preserve_escaped_strings_and_payload_ref ... ok

test result: ok. 6 passed; 0 failed; 0 ignored; 0 measured; 0 filtered out; finished in 0.00s

     Running tests/schema_compatibility.rs (target/debug/deps/schema_compatibility-cfdecbdc43ccd8a2)

running 4 tests
test event_log_smoke_roundtrip_preserves_ordering_fields ... ok
test checked_in_schema_json_matches_runtime_contract ... ok
test event_log_schema_is_stable_for_binding_consumers ... ok
test event_log_schema_fingerprint_is_stable ... ok

test result: ok. 4 passed; 0 failed; 0 ignored; 0 measured; 0 filtered out; finished in 0.00s

     Running unittests src/lib.rs (target/debug/deps/kairo_ecs_bench-2165c74df4266c45)

running 2 tests
test tests::canonical_scenario_metadata_is_stable ... ok
test tests::smoke_helpers_are_aliases_and_callable ... ok

test result: ok. 2 passed; 0 failed; 0 ignored; 0 measured; 0 filtered out; finished in 0.00s

     Running unittests src/main.rs (target/debug/deps/kairo_ecs_cli-cd593f2cb0bca238)

running 0 tests

test result: ok. 0 passed; 0 failed; 0 ignored; 0 measured; 0 filtered out; finished in 0.00s

     Running unittests src/lib.rs (target/debug/deps/kairo_ecs_core-f7248cedadf86bab)

running 14 tests
test tests::cancellation_rejects_unknown_and_dispatched_events ... ok
test tests::cancellation_skips_event_without_reordering_rest ... ok
test tests::dispatches_by_time_priority_then_sequence ... ok
test tests::cancelled_future_event_does_not_force_limit_after_active_events_finish ... ok
test tests::facade_exposes_scheduler_stats_snapshot ... ok
test tests::facade_maps_cancellation_and_limit_statuses ... ok
test tests::facade_reports_invalid_priority_without_scheduling ... ok
test tests::facade_schedules_steps_and_exposes_status_codes ... ok
test tests::run_for_is_bounded ... ok
test tests::run_for_with_zero_limit_reports_limit_reached ... ok
test tests::run_until_or_for_reports_limit_reached_when_event_budget_is_exhausted_first ... ok
test tests::run_until_or_for_stops_on_bounds ... ok
test tests::run_until_stops_at_time_limit ... ok
test tests::scheduler_stats_track_scheduled_cancelled_dispatched_and_pending ... ok

test result: ok. 14 passed; 0 failed; 0 ignored; 0 measured; 0 filtered out; finished in 0.00s

     Running tests/conformance_fixtures.rs (target/debug/deps/conformance_fixtures-0473714e2b3564d3)

running 4 tests
test conformance_rng_replay ... ok
test conformance_zero_delay_guard ... ok
test conformance_cancellation ... ok
test conformance_deterministic_ordering ... ok

test result: ok. 4 passed; 0 failed; 0 ignored; 0 measured; 0 filtered out; finished in 0.00s

     Running tests/integration.rs (target/debug/deps/integration-2e945071e15a1fde)

running 8 tests
test test_cancel_then_schedule ... ok
test test_deterministic_replay ... ok
test test_empty_scheduler ... ok
test test_run_for_bounds ... ok
test test_run_until_bounds ... ok
test test_trace_recorder ... ok
test test_zero_delay_guard ... ok
test test_large_event_count ... ok

test result: ok. 8 passed; 0 failed; 0 ignored; 0 measured; 0 filtered out; finished in 0.02s

     Running unittests src/lib.rs (target/debug/deps/kairo_ecs_cs_bridge-d52da21bd79d7526)

running 0 tests

test result: ok. 0 passed; 0 failed; 0 ignored; 0 measured; 0 filtered out; finished in 0.00s

     Running unittests src/lib.rs (target/debug/deps/kairo_ecs_debug-970e3dbb7d80b6d6)

running 9 tests
test tests::debugger_steps_back_and_goto_tick ... ok
test tests::breakpoint_matches_event_kind ... ok
test tests::line_encoding_declares_schema ... ok
test tests::replay_reconstructs_state_from_snapshot_and_deltas ... ok
test tests::trace_line_validation_rejects_malformed_custom_event_kind ... ok
test tests::trace_line_validation_accepts_encoded_trace ... ok
test tests::trace_line_validation_rejects_malformed_delta_fields ... ok
test tests::trace_line_validation_rejects_missing_or_unsupported_schema ... ok
test tests::trace_line_validation_rejects_out_of_order_ticks ... ok

test result: ok. 9 passed; 0 failed; 0 ignored; 0 measured; 0 filtered out; finished in 0.01s

     Running unittests src/main.rs (target/debug/deps/kairo_ecs_debug-424b109b73fffc59)

running 0 tests

test result: ok. 0 passed; 0 failed; 0 ignored; 0 measured; 0 filtered out; finished in 0.00s

     Running unittests src/lib.rs (target/debug/deps/kairo_ecs_des-c2288d2f7e5f168e)

running 5 tests
test tests::schedule_and_step ... ok
test tests::resource_request_blocks ... ok
test tests::trajectory_records_scheduler_order ... ok
test tests::des_context_creates ... ok
test tests::trajectory_reports_event_budget_limit ... ok

test result: ok. 5 passed; 0 failed; 0 ignored; 0 measured; 0 filtered out; finished in 0.00s

     Running tests/des_integration.rs (target/debug/deps/des_integration-50fde5e134879985)

running 4 tests
test resource_not_found ... ok
test resource_queue_fifo ... ok
test parallel_resources ... ok
test factory_bottleneck_smoke ... ok

test result: ok. 4 passed; 0 failed; 0 ignored; 0 measured; 0 filtered out; finished in 0.00s

     Running tests/des_resource_queue_v1.rs (target/debug/deps/des_resource_queue_v1-4bd90750a290dc0f)

running 2 tests
test des_resource_queue_v1_preserves_fifo_admission ... ok
test des_resource_queue_v1_replays_fixed_tick_trajectory_order ... ok

test result: ok. 2 passed; 0 failed; 0 ignored; 0 measured; 0 filtered out; finished in 0.00s

     Running unittests src/lib.rs (target/debug/deps/kairo_ecs_diplomat-ba877cea953406af)

running 2 tests
test tests::reexports_bridge_version ... ok
test tests::diplomat_facade_uses_ffi_lifecycle ... ok

test result: ok. 2 passed; 0 failed; 0 ignored; 0 measured; 0 filtered out; finished in 0.00s

     Running unittests src/lib.rs (target/debug/deps/kairo_ecs_ffi-9fb2014c3418710a)

running 5 tests
test tests::canonical_header_matches_generated_surface ... ok
test tests::engine_lifecycle_is_explicit ... ok
test tests::schedule_and_step_through_bridge ... ok
test tests::ffi_version_is_stable ... ok
test tests::panic_boundary_returns_panic_status ... ok

test result: ok. 5 passed; 0 failed; 0 ignored; 0 measured; 0 filtered out; finished in 0.01s

     Running tests/ffi_integration.rs (target/debug/deps/ffi_integration-a5d041c2b26c7626)

running 14 tests
test test_run_until_or_for_applies_both_bounds ... ok
test test_schedule_after_uses_current_time ... ok
test test_engine_double_free ... ok
test test_schedule_and_step ... ok
test test_run_for_limit ... ok
test test_engine_reset ... ok
test test_ffi_version ... ok
test test_error_message ... ok
test test_engine_create_free ... ok
test test_run_until_limit ... ok
test test_schedule_cancel ... ok
test test_schedule_ordering ... ok
test test_stats ... ok
test test_telemetry_flush ... ok

test result: ok. 14 passed; 0 failed; 0 ignored; 0 measured; 0 filtered out; finished in 0.00s

     Running unittests src/lib.rs (target/debug/deps/kairo_ecs_fmi-0d2069ca4a1d3663)

running 0 tests

test result: ok. 0 passed; 0 failed; 0 ignored; 0 measured; 0 filtered out; finished in 0.00s

     Running unittests src/lib.rs (target/debug/deps/kairo_ecs_gpu-b9c029f1fcdebc77)

running 10 tests
test compute::tests::des_execution_plan_accounts_for_event_roundtrip ... ok
test compute::tests::abm_step_is_seed_reproducible ... ok
test buffer::tests::empty_buffer_is_rejected ... ok
test compute::tests::des_execution_plan_budget_checks_include_event_transfer_pressure ... ok
test transfer::tests::transfer_plan_separates_upload_and_download_totals ... ok
test transfer::tests::checked_transfer_totals_report_overflow ... ok
test compute::tests::abm_execution_plan_tracks_state_and_transfers ... ok
test buffer::tests::typed_buffer_tracks_item_and_byte_length ... ok
test compute::tests::dispatch_shape_uses_webgpu_safe_workgroups ... ok
test compute::tests::state_footprint_tracks_flat_buffer_bytes ... ok

test result: ok. 10 passed; 0 failed; 0 ignored; 0 measured; 0 filtered out; finished in 0.01s

     Running tests/contract_smoke.rs (target/debug/deps/contract_smoke-f3e3ffeb2dff8ac2)

running 4 tests
test cpu_fallback_reports_explicit_capabilities ... ok
test des_execution_plan_budget_api_includes_event_buffers ... ok
test execution_plans_are_public_and_backend_agnostic ... ok
test footprint_and_dispatch_contract_are_hardware_independent ... ok

test result: ok. 4 passed; 0 failed; 0 ignored; 0 measured; 0 filtered out; finished in 0.00s

     Running tests/parity.rs (target/debug/deps/parity-451e10268a1c2276)

running 1 test
test fixed_seed_abm_parity_harness_is_deterministic ... ok

test result: ok. 1 passed; 0 failed; 0 ignored; 0 measured; 0 filtered out; finished in 0.00s

     Running tests/parity_des.rs (target/debug/deps/parity_des-a0499f50f1d45b45)

running 1 test
test fixed_seed_des_parity_harness_applies_events_in_timestamp_order ... ok

test result: ok. 1 passed; 0 failed; 0 ignored; 0 measured; 0 filtered out; finished in 0.01s

     Running unittests src/lib.rs (target/debug/deps/kairo_ecs_grpc-64dcb136ec81c71e)

running 16 tests
test tests::grpc_contract_envelopes_track_protocol_identity ... ok
test tests::heartbeat_classifier_marks_late_worker_failed ... ok
test tests::default_timeouts_keep_heartbeat_below_failure_timeout ... ok
test tests::peer_validator_rejects_duplicate_peer_ids ... ok
test tests::peer_list_is_preserved ... ok
test tests::grpc_contract_rejects_empty_migration_id ... ok
test tests::migration_validator_accepts_complete_request ... ok
test tests::local_smoke_validates_peers_and_timeout_config ... ok
test tests::migration_validator_rejects_empty_component_set ... ok
test tests::local_two_node_contract_proof_covers_event_migration_telemetry_and_failure ... ok
test tests::protocol_emulator_includes_pending_event_timestamps_in_gvt_round ... ok
test tests::protocol_emulator_round_trips_null_messages ... ok
test tests::protocol_emulator_uses_current_gvt_candidate_round ... ok
test tests::transport_send_rejects_unknown_lp ... ok
test tests::telemetry_batch_validator_requires_monotonic_tick_range ... ok
test tests::transport_send_rejects_unknown_source_and_destination_mismatch ... ok

test result: ok. 16 passed; 0 failed; 0 ignored; 0 measured; 0 filtered out; finished in 0.00s

     Running unittests src/lib.rs (target/debug/deps/kairo_ecs_ml-312ff915872b56ed)

running 11 tests
test tests::tensor_rejects_shape_mismatch ... ok
test tests::tensor_rejects_non_finite_values ... ok
test tests::metadata_rejects_blank_name_and_empty_shapes ... ok
test tests::backend_status_reports_dependency_free_scaffold ... ok
test tests::ort_session_runs_shape_checked_inference ... ok
test tests::tick_hook_rejects_bad_output_shape_after_predict ... ok
test tests::tick_hook_rejects_input_shape_before_predict ... ok
test tests::tick_hook_runs_matching_phase_only ... ok
test tests::try_register_rejects_duplicate_model_name_and_version ... ok
test tests::tensor_rejects_zero_dimension ... ok
test tests::try_register_validates_model_metadata_contract ... ok

test result: ok. 11 passed; 0 failed; 0 ignored; 0 measured; 0 filtered out; finished in 0.00s

     Running tests/feature_matrix.rs (target/debug/deps/feature_matrix-7763af6554e3498f)

running 4 tests
test featureless_tick_hook_rejects_duplicate_model_registration ... ok
test featureless_tick_hook_runs_registered_model ... ok
test featureless_session_reports_backend_not_configured ... ok
test featureless_session_rejects_input_shape_mismatch_before_inference ... ok

test result: ok. 4 passed; 0 failed; 0 ignored; 0 measured; 0 filtered out; finished in 0.01s

     Running unittests src/lib.rs (target/debug/deps/kairo_ecs_mpi-9be4d87bb6f72d3d)

running 15 tests
test tests::message_tags_are_stable ... ok
test tests::migration_validator_rejects_self_migration ... ok
test tests::local_smoke_validates_rank_mapping_and_protocol_tags ... ok
test tests::local_two_rank_contract_proof_covers_event_migration_and_telemetry ... ok
test tests::migration_validator_accepts_component_payloads ... ok
test tests::protocol_emulator_includes_pending_event_timestamps_in_gvt_round ... ok
test tests::protocol_emulator_round_trips_event_messages ... ok
test tests::protocol_emulator_uses_current_gvt_candidate_round ... ok
test tests::rank_assignment_preserves_lp_mapping ... ok
test tests::rank_validator_rejects_duplicate_lps ... ok
test tests::telemetry_batch_validator_requires_ordered_non_empty_payload ... ok
test tests::transport_contract_rejects_migration_without_payload_or_id ... ok
test tests::transport_contracts_use_stable_mpi_protocol_metadata ... ok
test tests::transport_send_rejects_unknown_lp ... ok
test tests::transport_send_rejects_unknown_source_and_destination_mismatch ... ok

test result: ok. 15 passed; 0 failed; 0 ignored; 0 measured; 0 filtered out; finished in 0.00s

     Running unittests src/lib.rs (target/debug/deps/kairo_ecs_pdes-7629d3c2f9e3a3ca)

running 13 tests
test tests::scheduler_never_moves_lp_time_backward ... ok
test tests::scheduler_sends_events_and_null_messages ... ok
test tests::scheduler_rejects_duplicate_and_mismatched_lps ... ok
test tests::scheduler_ignores_stale_null_safe_time_for_local_progress ... ok
test tests::time_warp_spike_documents_rollback_risk ... ok
test tests::in_memory_gvt_includes_inflight_message_timestamps ... ok
test tests::transport_rejects_unknown_destinations_and_sources ... ok
test tests::partitioned_reference_matches_sequential_final_state ... ok
test tests::transport_round_trips_remote_events ... ok
test tests::validator_rejects_empty_or_degenerate_workloads ... ok
test tests::conservative_validator_reports_parity_gvt_and_deadlock_evidence ... ok
test tests::scaling_smoke_samples_cover_required_lp_counts_without_speedup_claims ... ok
test tests::stress_reference_progresses_gvt_for_every_tick ... ok

test result: ok. 13 passed; 0 failed; 0 ignored; 0 measured; 0 filtered out; finished in 0.79s

     Running unittests src/lib.rs (target/debug/deps/kairo_ecs_rng-f5accc10acf3cc1f)

running 5 tests
test tests::stream_replays_from_run_seed ... ok
test tests::different_run_seeds_diverge ... ok
test tests::entity_seed_is_reproducible ... ok
test tests::distinct_entity_inputs_diverge ... ok
test tests::entity_stream_replays_exactly ... ok

test result: ok. 5 passed; 0 failed; 0 ignored; 0 measured; 0 filtered out; finished in 0.01s

     Running unittests src/lib.rs (target/debug/deps/kairo_ecs_state-6cddbba33ca56420)

running 0 tests

test result: ok. 0 passed; 0 failed; 0 ignored; 0 measured; 0 filtered out; finished in 0.00s

     Running tests/component_storage.rs (target/debug/deps/component_storage-13fa3b8346ef5776)

running 6 tests
test component_store_rejects_stale_generation_for_same_index ... ok
test world_entity_lifecycle_recycles_indices_and_rejects_stale_handles ... ok
test world_snapshot_is_deterministic_across_repeated_reads ... ok
test component_registry_multi_type_and_remove ... ok
test component_store_replaces_same_entity_without_duplicate_row ... ok
test component_store_newer_generation_supersedes_stale_row ... ok

test result: ok. 6 passed; 0 failed; 0 ignored; 0 measured; 0 filtered out; finished in 0.00s

     Running unittests src/lib.rs (target/debug/deps/kairo_ecs_streaming-67bf5fa38b5f1b9b)

running 10 tests
test tests::event_log_contract_rejects_invalid_required_fields ... ok
test tests::event_log_contract_rejects_missing_event_id ... ok
test tests::event_log_contract_rejects_wrong_schema_version ... ok
test tests::event_log_message_exposes_arrow_contract_fields ... ok
test tests::in_memory_sink_rejects_sequence_regression_for_same_run ... ok
test tests::in_memory_sink_rejects_time_regression_for_same_run ... ok
test tests::in_memory_stream_round_trips_messages ... ok
test tests::in_memory_sink_rejects_invalid_contract_message ... ok
test tests::pacing_contract_rejects_zero_tick_duration ... ok
test tests::snapshot_rejects_unknown_stream_name ... ok

test result: ok. 10 passed; 0 failed; 0 ignored; 0 measured; 0 filtered out; finished in 0.00s

     Running tests/feature_matrix.rs (target/debug/deps/feature_matrix-d6d0f647badc144d)

running 7 tests
test base_featureless_stream_contract_round_trips ... ok
test in_memory_adapter_enforces_event_log_contract ... ok
test snapshot_provider_filters_by_arrow_stream_name ... ok
test in_memory_adapter_rejects_unversioned_event_log_contract ... ok
test snapshot_provider_rejects_unknown_stream_name ... ok
test in_memory_adapter_rejects_time_regression_per_run ... ok
test in_memory_adapter_rejects_sequence_regression_per_run ... ok

test result: ok. 7 passed; 0 failed; 0 ignored; 0 measured; 0 filtered out; finished in 0.00s

     Running unittests src/lib.rs (target/debug/deps/kairo_ecs_types-6fe9776ac36999fb)

running 8 tests
test tests::sim_time_uses_fixed_ticks ... ok
test tests::constructors_validate_wide_inputs ... ok
test tests::handles_are_deterministically_ordered ... ok
test tests::request_construction_validates_priority_range ... ok
test tests::schedule_request_and_dispatch_are_stable_and_ordered ... ok
test tests::sim_time_checked_add_overflow_is_none ... ok
test tests::step_outcome_accessors_work ... ok
test tests::versioned_wrapper_carries_version_and_value ... ok

test result: ok. 8 passed; 0 failed; 0 ignored; 0 measured; 0 filtered out; finished in 0.00s

     Running unittests src/lib.rs (target/debug/deps/kairo_ecs_uniffi-59ccf63e6028fec1)

running 2 tests
test tests::facade_schedules_and_steps ... ok
test tests::reexports_bridge_version ... ok

test result: ok. 2 passed; 0 failed; 0 ignored; 0 measured; 0 filtered out; finished in 0.00s

     Running unittests src/lib.rs (target/debug/deps/kairo_ecs_viz-028c253069532d66)

running 8 tests
test tests::converts_dispatched_events_to_headless_markers ... ok
test tests::rejects_blank_entity_labels ... ok
test tests::default_renderer_status_is_headless_only ... ok
test tests::converts_world_snapshot_to_deterministic_headless_frame ... ok
test tests::renders_deterministic_headless_text ... ok
test tests::renders_formal_visualization_fixture_json ... ok
test tests::summarizes_frame_without_gui_dependencies ... ok
test tests::renders_deterministic_headless_svg ... ok

test result: ok. 8 passed; 0 failed; 0 ignored; 0 measured; 0 filtered out; finished in 0.00s

     Running tests/feature_matrix.rs (target/debug/deps/feature_matrix-2bfc70dfe8004bc4)

running 2 tests
test empty_headless_frame_is_valid ... ok
test renderer_feature_state_is_explicit ... ok

test result: ok. 2 passed; 0 failed; 0 ignored; 0 measured; 0 filtered out; finished in 0.00s

     Running unittests src/lib.rs (target/debug/deps/kairo_ecs_wasm-e8b923f5dd0c32b7)

running 3 tests
test tests::default_build_exposes_track_04_schema_constant ... ok
test tests::explicit_free_is_idempotent_from_the_wrapper_surface ... ok
test tests::engine_wraps_ffi_scheduler_statuses ... ok

test result: ok. 3 passed; 0 failed; 0 ignored; 0 measured; 0 filtered out; finished in 0.00s

     Running unittests src/lib.rs (target/debug/deps/kairo_ecs_webgpu-f989b13565af547c)

running 8 tests
test adapter::tests::native_ci_reports_webgpu_unavailable ... ok
test bridge::tests::accepts_webgpu_aligned_buffer_descriptor ... ok
test bridge::tests::rejects_misaligned_wasm_offset ... ok
test bridge::tests::rejects_zero_stride_without_panicking ... ok
test capability::tests::reports_cpu_fallback_until_browser_bindings_are_configured ... ok
test dispatch::tests::browser_dispatch_reports_backend_not_configured ... ok
test dispatch::tests::dispatch_uses_browser_safe_workgroup_size ... ok
test bridge::tests::rejects_partial_elements ... ok

test result: ok. 8 passed; 0 failed; 0 ignored; 0 measured; 0 filtered out; finished in 0.00s

     Running tests/parity_webgpu.rs (target/debug/deps/parity_webgpu-9f1a3e2dc77c8164)

running 3 tests
test capability_metadata_identifies_fallback_parity_contract ... ok
test browser_webgpu_dispatch_is_explicitly_unavailable_until_configured ... ok
test fixed_seed_reference_contract_matches_cpu_reference ... ok

test result: ok. 3 passed; 0 failed; 0 ignored; 0 measured; 0 filtered out; finished in 0.00s

   Doc-tests kairo_ecs_abm

running 0 tests

test result: ok. 0 passed; 0 failed; 0 ignored; 0 measured; 0 filtered out; finished in 0.00s

   Doc-tests kairo_ecs_arrow

running 0 tests

test result: ok. 0 passed; 0 failed; 0 ignored; 0 measured; 0 filtered out; finished in 0.00s

   Doc-tests kairo_ecs_bench

running 0 tests

test result: ok. 0 passed; 0 failed; 0 ignored; 0 measured; 0 filtered out; finished in 0.00s

   Doc-tests kairo_ecs_core

running 0 tests

test result: ok. 0 passed; 0 failed; 0 ignored; 0 measured; 0 filtered out; finished in 0.00s

   Doc-tests kairo_ecs_cs_bridge

running 0 tests

test result: ok. 0 passed; 0 failed; 0 ignored; 0 measured; 0 filtered out; finished in 0.00s

   Doc-tests kairo_ecs_debug

running 0 tests

test result: ok. 0 passed; 0 failed; 0 ignored; 0 measured; 0 filtered out; finished in 0.00s

   Doc-tests kairo_ecs_des

running 0 tests

test result: ok. 0 passed; 0 failed; 0 ignored; 0 measured; 0 filtered out; finished in 0.00s

   Doc-tests kairo_ecs_diplomat

running 0 tests

test result: ok. 0 passed; 0 failed; 0 ignored; 0 measured; 0 filtered out; finished in 0.00s

   Doc-tests kairo_ecs_ffi

running 0 tests

test result: ok. 0 passed; 0 failed; 0 ignored; 0 measured; 0 filtered out; finished in 0.00s

   Doc-tests kairo_ecs_fmi

running 0 tests

test result: ok. 0 passed; 0 failed; 0 ignored; 0 measured; 0 filtered out; finished in 0.00s

   Doc-tests kairo_ecs_gpu

running 0 tests

test result: ok. 0 passed; 0 failed; 0 ignored; 0 measured; 0 filtered out; finished in 0.00s

   Doc-tests kairo_ecs_grpc

running 0 tests

test result: ok. 0 passed; 0 failed; 0 ignored; 0 measured; 0 filtered out; finished in 0.00s

   Doc-tests kairo_ecs_ml

running 0 tests

test result: ok. 0 passed; 0 failed; 0 ignored; 0 measured; 0 filtered out; finished in 0.00s

   Doc-tests kairo_ecs_mpi

running 0 tests

test result: ok. 0 passed; 0 failed; 0 ignored; 0 measured; 0 filtered out; finished in 0.00s

   Doc-tests kairo_ecs_pdes

running 0 tests

test result: ok. 0 passed; 0 failed; 0 ignored; 0 measured; 0 filtered out; finished in 0.00s

   Doc-tests kairo_ecs_rng

running 0 tests

test result: ok. 0 passed; 0 failed; 0 ignored; 0 measured; 0 filtered out; finished in 0.00s

   Doc-tests kairo_ecs_state

running 0 tests

test result: ok. 0 passed; 0 failed; 0 ignored; 0 measured; 0 filtered out; finished in 0.00s

   Doc-tests kairo_ecs_streaming

running 0 tests

test result: ok. 0 passed; 0 failed; 0 ignored; 0 measured; 0 filtered out; finished in 0.00s

   Doc-tests kairo_ecs_types

running 0 tests

test result: ok. 0 passed; 0 failed; 0 ignored; 0 measured; 0 filtered out; finished in 0.00s

   Doc-tests kairo_ecs_uniffi

running 0 tests

test result: ok. 0 passed; 0 failed; 0 ignored; 0 measured; 0 filtered out; finished in 0.00s

   Doc-tests kairo_ecs_viz

running 0 tests

test result: ok. 0 passed; 0 failed; 0 ignored; 0 measured; 0 filtered out; finished in 0.00s

   Doc-tests kairo_ecs_wasm

running 0 tests

test result: ok. 0 passed; 0 failed; 0 ignored; 0 measured; 0 filtered out; finished in 0.00s

   Doc-tests kairo_ecs_webgpu

running 0 tests

test result: ok. 0 passed; 0 failed; 0 ignored; 0 measured; 0 filtered out; finished in 0.00s

