
running 47 tests
test generation_bitset::tests::instance_allocator_rejects_exhaustion_without_wrapping ... ok
test generation_bitset::tests::removal_and_reinsertion_never_revive_old_handles ... ok
test generation_bitset::tests::rejects_inactive_slot_and_foreign_instance_handles ... ok
test generation_bitset::tests::epoch_exhaustion_leaves_insert_remove_and_restore_unchanged ... ok
test generation_bitset::tests::every_successful_insert_invalidates_prior_handles ... ok
test generation_bitset::tests::covers_word_edges_last_slot_and_first_invalid_slot ... ok
test generation_bitset::tests::malformed_or_mismatched_snapshots_leave_state_unchanged ... ok
test generation_bitset::tests::accepts_zero_and_max_capacity_and_rejects_oversized_capacity ... ok
test generation_bitset::tests::identical_foreign_snapshot_restores_bits_without_transferring_authority ... ok
test generation_bitset::tests::duplicate_insert_is_rejected_without_changing_state_or_epoch ... ok
test generation_bitset::tests::restore_invalidates_all_handles_and_keeps_destination_identity ... ok
test tests::partition_plan_assigns_entities_deterministically_by_entity_id ... ok
test tests::conservative_frontier_waits_for_every_peer ... ok
test tests::in_memory_gvt_includes_inflight_message_timestamps ... ok
test optimistic::tests::incarnation_exhaustion_in_middle_of_output_batch_poisons_before_publish ... ok
test optimistic::tests::output_batch_epoch_exhaustion_poisons_without_partial_publication ... ok
test optimistic::tests::external_incarnation_and_epoch_exhaustion_reject_without_mutation ... ok
test optimistic::tests::output_batch_reserves_one_epoch_per_destination_and_publishes_together ... ok
test tests::anti_after_fossil_collection_preserves_committed_floor ... ok
test optimistic::tests::rollback_requeues_multiple_inputs_with_one_checked_epoch_reservation ... ok
test tests::partition_plan_rejects_invalid_inputs ... ok
test tests::scheduler_ignores_stale_null_safe_time_for_local_progress ... ok
test tests::scheduler_never_moves_lp_time_backward ... ok
test tests::scheduler_rejects_duplicate_and_mismatched_lps ... ok
test tests::scheduler_rejects_inbound_stragglers_before_local_time ... ok
test tests::scheduler_rejects_overflowing_lookahead_before_remote_send ... ok
test tests::scheduler_rejects_remote_events_before_declared_lookahead ... ok
test tests::scheduler_reports_stalled_lps_when_safe_time_blocks_progress ... ok
test tests::scheduler_sends_events_and_null_messages ... ok
test tests::time_warp_fossil_collection_preserves_rollback_at_or_after_gvt ... ok
test tests::time_warp_generation_token_rejects_stale_component_access ... ok
test tests::time_warp_overhead_metrics_track_local_rollback_pressure ... ok
test tests::time_warp_antimessage_cancels_matching_positive_event ... ok
test tests::time_warp_fossil_collects_only_history_before_gvt ... ok
test tests::partitioned_reference_matches_sequential_final_state ... ok
test tests::time_warp_rejects_duplicate_positive_events_without_double_apply ... ok
test tests::time_warp_rejects_pre_gvt_stragglers_and_gvt_regression ... ok
test tests::time_warp_spike_documents_rollback_risk ... ok
test tests::time_warp_reports_cancellation_metadata_for_rollback_and_antimessage ... ok
test tests::time_warp_state_save_restores_absent_component_after_rollback ... ok
test tests::transport_rejects_unknown_destinations_and_sources ... ok
test tests::time_warp_straggler_rolls_back_to_prior_checkpoint ... ok
test tests::transport_round_trips_remote_events ... ok
test tests::validator_rejects_empty_or_degenerate_workloads ... ok
test tests::conservative_validator_reports_parity_gvt_and_deadlock_evidence ... ok
test tests::scaling_smoke_samples_cover_required_lp_counts_without_speedup_claims ... ok
test tests::stress_reference_progresses_gvt_for_every_tick ... ok

test result: ok. 47 passed; 0 failed; 0 ignored; 0 measured; 0 filtered out; finished in 0.84s


running 2 tests
test bitset_restore_error_prevents_publication_of_staged_model_values_and_rng ... ok
test real_model_rollback_restores_membership_values_rng_without_reviving_handles ... ok

test result: ok. 2 passed; 0 failed; 0 ignored; 0 measured; 0 filtered out; finished in 0.00s


running 8 tests
test child_identity_uses_parent_order_key_and_advances_causal_depth ... ok
test stale_tokens_budget_resumption_and_equal_gvt_are_checked ... ok
test structural_output_order_uses_full_parent_key_after_straggler_replay ... ok
test gvt_lag_reports_leading_frontier_even_with_idle_logical_process ... ok
test invalid_post_handler_output_poisons_without_publishing_partial_batch ... ok
test anti_before_positive_tombstones_exact_delivery_and_preserves_replacement ... ok
test anti_after_positive_cancels_it_and_fossil_collection_prunes_replay_metadata ... ok
test root_identity_is_explicit_and_initial_scheduling_closes_on_execution ... ok

test result: ok. 8 passed; 0 failed; 0 ignored; 0 measured; 0 filtered out; finished in 0.00s


running 13 tests
test lp_state_tokens_are_runtime_bound_and_invalidated_by_mutation_and_restore ... ok
test equal_tick_reverse_source_and_sequence_arrival_matches_core_scheduler ... ok
test conflicting_exact_delivery_across_destination_lps_is_rejected_unchanged ... ok
test anti_before_positive_does_not_apply_and_duplicate_delivery_is_unchanged ... ok
test invalid_complete_batch_and_handler_fault_publish_no_partial_outputs ... ok
test replayed_output_slot_can_change_payload_route_and_tick_without_identity_conflict ... ok
test canceling_earlier_parent_retracts_descendants_and_replays_surviving_inputs ... ok
test replacement_before_old_anti_survives_and_cascades_to_correct_final_state ... ok
test canceled_queued_replays_do_not_accumulate_across_fossil_cycles ... ok
test same_opaque_child_identity_from_distinct_emitters_cancels_independently ... ok
test snapshot_and_restore_faults_poison_without_publishing_replacement_outputs ... ok
test late_parent_children_same_tick_keep_structural_order_and_rng_state ... ok
test work_at_gvt_remains_reversible_and_pre_floor_inputs_fail_unchanged ... ok

test result: ok. 13 passed; 0 failed; 0 ignored; 0 measured; 0 filtered out; finished in 0.00s


running 0 tests

test result: ok. 0 passed; 0 failed; 0 ignored; 0 measured; 0 filtered out; finished in 0.00s


running 0 tests

test result: ok. 0 passed; 0 failed; 0 ignored; 0 measured; 0 filtered out; finished in 0.00s


running 4 tests
test partition_plan_and_null_messages_preserve_safe_time_progression ... ok
test conservative_lookahead_rejects_early_remote_events_and_allows_boundary_events ... ok
test sequential_partitioned_parity_covers_des_abm_and_mixed_workloads ... ok
test deadlock_stress_and_scaling_smoke_have_progress_without_speedup_claims ... ok

test result: ok. 4 passed; 0 failed; 0 ignored; 0 measured; 0 filtered out; finished in 1.72s


running 5 tests
test anti_cancellation_rebuild_preserves_initial_component_seed ... ok
test rollback_recreation_does_not_resurrect_an_initial_generation_token ... ok
test rollback_before_first_checkpoint_preserves_initial_component_seed ... ok
test checkpoint_restore_does_not_revive_a_stale_initial_token ... ok
test component_token_from_another_runtime_is_stale ... ok

test result: ok. 5 passed; 0 failed; 0 ignored; 0 measured; 0 filtered out; finished in 0.01s


running 0 tests

test result: ok. 0 passed; 0 failed; 0 ignored; 0 measured; 0 filtered out; finished in 0.01s

