   Compiling cfg-if v1.0.4
   Compiling core-foundation-sys v0.8.7
   Compiling bytes v1.12.1
   Compiling libm v0.2.16
   Compiling libc v0.2.186
   Compiling arrow-schema v60.0.0
   Compiling once_cell v1.21.4
   Compiling hashbrown v0.17.1
   Compiling zerocopy v0.8.48
   Compiling bitflags v2.13.2
   Compiling twox-hash v2.1.4
   Compiling iana-time-zone v0.1.65
   Compiling flatbuffers v25.12.19
   Compiling base64 v0.23.1
   Compiling thiserror v2.0.20
   Compiling getrandom v0.3.4
   Compiling num-traits v0.2.19
   Compiling num-integer v0.1.47
   Compiling num-complex v0.4.6
   Compiling chrono v0.4.45
   Compiling num-bigint v0.5.1
   Compiling half v2.7.1
   Compiling ahash v0.8.12
   Compiling arrow-buffer v60.0.0
   Compiling arrow-data v60.0.0
   Compiling arrow-array v60.0.0
   Compiling arrow-cmp v60.0.0
   Compiling arrow-select v60.0.0
   Compiling arrow-ipc v60.0.0
   Compiling parquet v60.0.0
   Compiling kairo-ecs-arrow-io v0.1.0 (/private/tmp/careops-c12-lint-parent-20261004/libs/kairos/crates/kairo-ecs-arrow-io)
    Finished `test` profile [unoptimized + debuginfo] target(s) in 1m 27s
     Running tests/calibration_physical_v2.rs (.artifacts/mvp/C1.2.deps.current_lints_20261004/target-1.99/debug/deps/calibration_physical_v2-36f58ea2da773642)

running 2 tests
test actual_ipc_tables_use_full_frozen_schema_and_roundtrip ... ok
test actual_parquet_tables_use_full_frozen_schema_and_roundtrip ... ok

test result: ok. 2 passed; 0 failed; 0 ignored; 0 measured; 0 filtered out; finished in 0.40s

