   Compiling kairo-ecs-calibration v0.1.0 (/private/tmp/kairos-c42-20261005/crates/kairo-ecs-calibration)
    Finished `test` profile [unoptimized + debuginfo] target(s) in 5.74s
     Running unittests src/lib.rs (.artifacts/c42-cohorts/target/debug/deps/kairo_ecs_calibration-3b49cf4ac2468ddc)

running 61 tests
test ingestion_c01::actual_transport_matrix ... ignored, requires exact physical transport source index and result directory
test ingestion_normalize::tests::unknown_long_kind_and_outcome_duplicate_reject_transactionally ... ok
test ingestion_normalize::tests::rejects_cross_chunk_duplicates_even_when_first_candidate_was_excluded ... ok
test ingestion_normalize::tests::order_key_projects_full_records_and_unbounded_decimal_rank ... ok
test ingestion_normalize::tests::enforces_nonzero_limits_fanout_and_actual_serialized_bytes ... ok
test ingestion_pipeline::tests::transported_source_rows_use_the_same_actual_pipeline ... ignored, requires actual transported source rows and original manifest
test ingestion_normalize::tests::preserves_mapper_values_and_cumulative_partition_across_chunks ... ok
test ingestion_sort::tests::bounded_fanin_requires_multiple_merge_passes_and_handles_large_rank ... ok
test ingestion_sort::tests::sink_failure_and_bad_limits_cleanup_workspace ... ok
test ingestion_validate::tests::bad_policy_caps_cycles_and_oversize_records_reject_without_outputs ... ok
test ingestion_validate::tests::finalization_work_limit_rejects_before_materializing_occurrence_edge_violations ... ok
test ingestion_sort::tests::actual_normalized_values_are_hash_identical_across_orders_and_run_layouts ... ok
test ingestion_sort::tests::iterator_sink_oversize_invalid_key_and_temp_corruption_fail_with_cleanup ... ok
test ingestion_validate::tests::interleaved_cases_and_equal_precedence_are_valid ... ok
test ingestion_validate::tests::strict_never_publishes_and_window_quarantines_whole_case ... ok
test ingestion_validate::tests::reversed_precedence_quarantines_whole_interleaved_case ... ok
test ingestion_validate::tests::runtime_case_state_and_partial_line_bounds_fail_closed ... ok
test ingestion_validate::tests::same_tick_exit_releases_before_c0_earlier_admission ... ok
test seed_map::tests::every_identity_field_and_root_seed_change_the_frame_and_derived_seed ... ok
test seed_map::tests::finite_registry_is_idempotent_for_same_identity_and_rejects_collision ... ok
test seed_map::tests::identity_validation_rejects_invalid_and_oversized_ids ... ok
test seed_map::tests::length_framing_separates_ambiguous_concatenations ... ok
test seed_map::tests::normative_golden_bytes_digest_seed_and_draws_match ... ok
test seed_map::tests::overflow_does_not_advance_rng_or_draw_position ... ok
test seed_map::tests::purpose_tags_are_exact_u32_little_endian_values ... ok
test seed_map::tests::unknown_snapshot_versions_and_seed_mismatch_fail_closed ... ok
test trace_mapping::tests::addition_and_calendar_overflow_preserve_declared_clock_evidence ... ok
test trace_mapping::tests::classified_and_subnanosecond_reasons_are_c0_exclusions ... ok
test trace_mapping::tests::derived_lineage_is_retained_and_bad_lineage_becomes_safe_exclusion ... ok
test trace_mapping::tests::duplicate_and_missing_keys_fail_dataset ... ok
test trace_mapping::tests::fixture_file_executes_raw_requests_and_exact_goldens_only ... ok
test ingestion_validate::tests::touching_intervals_are_feasible_and_overlaps_quarantine_both ... ok
test ingestion_validate::tests::zero_duration_occupancy_is_allowed_and_does_not_consume_capacity ... ok
test trace_mapping::tests::four_semantic_guards_are_unresolved_without_fabricated_events ... ok
test trace_mapping::tests::identities_keep_exact_unicode_case_and_ties_ignore_input_row_permutation ... ok
test trace_mapping::tests::integer_clock_preorigin_and_overflow_are_exclusions ... ok
test trace_mapping::tests::knowledge_cutoff_equality_future_and_unknown_are_reported ... ok
test trace_mapping::tests::missing_occurrence_keeps_available_at_raw_time_c0_safe ... ok
test trace_mapping::tests::integer_units_are_exactly_equivalent_for_one_second ... ok
test trace_mapping::tests::optional_clocks_are_role_normalized_and_distinct ... ok
test trace_mapping::tests::ranks_above_u64_sort_numerically ... ok
test trace_mapping::tests::reversed_open_intervals_and_cohort_denominator_are_diagnostic_only ... ok
test trace_mapping::tests::outputs_full_c0_and_raw_mutation_changes_clock ... ok
test trace_mapping::tests::observed_task_started_survives_and_future_outcome_cannot_change_knowledge ... ok
test trace_mapping::tests::right_censored_outcome_keeps_last_observed_separate ... ok
test trace_mapping::tests::semantic_guards_emit_no_c0_records ... ok
test trace_mapping::tests::signed_relative_helper_covers_full_i128_u128_domain ... ok
test trace_mapping::tests::source_order_and_occurrence_limits_are_validated_before_clocks ... ok
test trace_mapping::tests::timestamp_mutations_reject_unknown_offset_naive_and_noncanonical_but_allow_zero_tail ... ok
test trace_order::tests::equal_keys_compare_equal_and_sorting_is_independent_of_all_permutations ... ok
test trace_order::tests::order_tuple_uses_each_component_in_declared_precedence ... ok
test trace_order::tests::rank_comparison_is_numeric_without_fixed_width_conversion ... ok
test trace_order::tests::text_order_is_unsigned_utf8_bytewise_without_normalization ... ok
test trace_mapping::tests::wide_episode_end_does_not_infer_later_boarding_departure ... ok
test trace_mapping::tests::wide_row_emits_one_outcome_even_if_event_is_excluded ... ok
test trace_order::tests::rank_requires_canonical_ascii_unsigned_decimal ... ok
test ingestion_pipeline::tests::rejects_duplicate_top_level_and_nested_json_members_before_value_collapse ... ok
test ingestion_c01::schema_valid_raw_marker_mutation_is_detected_by_exact_population_oracle ... ok
test ingestion_pipeline::tests::actual_source_pipeline_hashes_survive_chunks_spills_permutations_and_counts_reconcile ... ok
test ingestion_pipeline::tests::errors_remove_only_new_bundle_and_missing_evidence_never_succeeds ... ok
test ingestion_c01::self_contained_three_profile_cartesian_matrix_has_exact_population_bytes ... ok

test result: ok. 59 passed; 0 failed; 2 ignored; 0 measured; 0 filtered out; finished in 7.94s

     Running tests/cohorts_c42.rs (.artifacts/c42-cohorts/target/debug/deps/cohorts_c42-4e4dbb88d4f35487)

running 4 tests
test source_window_and_empty_stratum_preserve_coverage ... ok
test identities_duplicates_and_unknown_groups_fail_without_losing_attempts ... ok
test nonpoint_outcomes_remain_counted_with_overlap ... ok
test permutation_provenance_weight_and_window_negatives ... ok

test result: ok. 4 passed; 0 failed; 0 ignored; 0 measured; 0 filtered out; finished in 0.01s

     Running tests/distance_c42.rs (.artifacts/c42-cohorts/target/debug/deps/distance_c42-6bf2497d64ce31f2)

running 14 tests
test deterministic_100k_point_shift_timing ... ignored, bounded synthetic distance timing receipt; coordinator executes once
test both_empty_populations_are_empty ... ok
test checked_arithmetic_overflow_is_invalid ... ok
test exact_common_origin_offsets_are_checked_before_conversion ... ok
test identical_populations_compute_zero_distances ... ok
test malformed_weight_with_valid_origin_is_ordinary_invalid_precision ... ok
test null_aligned_zero_weight_stays_in_count_and_adds_no_mass ... ok
test positive_rational_tick_scale_is_supported_exactly ... ok
test scale_and_algorithm_weight_contract_are_enforced ... ok
test signed_rational_supports_are_exactly_ordered ... ok
test tick_overflow_remains_rejected_precision ... ok
test tied_weighted_support_permutation_is_bitwise_stable ... ok
test ties_are_aggregated_before_cdf_updates ... ok
test weighted_descriptive_uses_exact_per_side_normalization ... ok

test result: ok. 13 passed; 0 failed; 1 ignored; 0 measured; 0 filtered out; finished in 0.00s

     Running tests/metrics_c41.rs (.artifacts/c42-cohorts/target/debug/deps/metrics_c41-7bb0986451dc9a93)

running 9 tests
test c42_candidate_report ... ignored, C4.2 runtime producer is not implemented; candidate report required
test fixture_protocol_and_coverage ... ok
test runtime_gate_rejects_mock_and_missing_producer_binding ... ok
test reference_expected_values_are_exact_rationals_and_protocol_coherent ... ok
test comparator_accepts_explicitly_labeled_mock_only ... ok
test comparator_rejects_omitted_metadata_and_wrong_algorithm_set ... ok
test comparator_enforces_numeric_tolerance_boundaries_and_domains ... ok
test comparator_rejects_contract_mutations ... ok
test comparator_rejects_fixture_mutations ... ok

test result: ok. 8 passed; 0 failed; 1 ignored; 0 measured; 0 filtered out; finished in 0.03s

     Running tests/metrics_c42.rs (.artifacts/c42-cohorts/target/debug/deps/metrics_c42-101a09f99efa7747)

running 7 tests
test unrelated_or_absent_commit_claim_cannot_bind_written_report ... ok
test unrelated_toolchain_claim_is_rejected ... ok
test optional_report_requires_committed_source_binding ... ok
test actual_conditional_metric_exposes_opposite_dependence_and_keeps_empty_group ... ok
test nulls_remain_missing_while_malformed_and_weight_errors_are_rejected ... ok
test default_actual_producer_executes_all_frozen_cases ... ok
test producer_output_is_invariant_to_removed_or_mutated_expected_values ... ok

test result: ok. 7 passed; 0 failed; 0 ignored; 0 measured; 0 filtered out; finished in 0.36s

     Running tests/residuals_c42.rs (.artifacts/c42-cohorts/target/debug/deps/residuals_c42-11203b933e5dedb9)

running 23 tests
test cohort_mismatch_is_invalid_across_prespecified_groups ... ok
test contradictory_status_and_tick_inputs_are_invalid_and_retained ... ok
test duplicate_logical_side_key_is_invalid_not_deduplicated ... ok
test exact_float_values_above_two_to_53_do_not_raise_rounding_flag ... ok
test exact_residual_covers_full_u128_range ... ok
test invalid_grouping_retains_raw_rows_and_counts ... ok
test invalid_middle_pair_retains_full_batch_rows_counts_and_order ... ok
test logical_key_requires_all_identity_strings_and_known_purpose ... ok
test missing_censored_failed_and_infeasible_attempts_keep_diagnostics ... ok
test matched_rows_are_prediction_minus_observation_and_order_invariant ... ok
test missing_selection_time_does_not_fall_back_to_prediction ... ok
test prespecified_empty_group_is_emitted ... ok
test infeasible_valid_prediction_remains_in_error_summary ... ok
test invalid_window_is_reported ... ok
test same_logical_key_in_different_groups_is_invalid_and_retained ... ok
test simulation_failed_or_infeasible_rows_cannot_carry_observed_ticks ... ok
test source_selection_times_must_match_within_pair ... ok
test statuses_and_diagnostics_are_preserved_and_overlap ... ok
test unclamped_attestation_and_tick_unit_are_required ... ok
test unknown_row_group_is_retained_when_other_groups_are_declared ... ok
test unsupported_provenance_is_unverified_and_retained ... ok
test window_is_half_open_on_selection_time ... ok
test bounded_large_paired_cohort_keeps_complete_counts ... ok

test result: ok. 23 passed; 0 failed; 0 ignored; 0 measured; 0 filtered out; finished in 0.02s

     Running tests/seed_map.rs (.artifacts/c42-cohorts/target/debug/deps/seed_map-9560a876cfe59042)

running 5 tests
test independent_python_golden_seed_and_draws_match ... ok
test paired_candidates_share_schedule_streams_and_independent_schedules_diverge ... ok
test unknown_seed_map_version_fails_explicitly ... ok
test reordered_registration_and_interleaved_draws_preserve_purpose_sequences ... ok
test owned_snapshots_resume_at_positions_zero_and_one ... ok

test result: ok. 5 passed; 0 failed; 0 ignored; 0 measured; 0 filtered out; finished in 0.00s

   Doc-tests kairo_ecs_calibration

running 0 tests

test result: ok. 0 passed; 0 failed; 0 ignored; 0 measured; 0 filtered out; finished in 0.00s

