    Checking typenum v1.20.1
    Checking const-oid v0.10.2
    Checking libc v0.2.186
    Checking kairo-ecs-types v0.0.0 (/private/tmp/kairos-c42-clippy-fixes-20261005/crates/kairo-ecs-types)
    Checking zmij v1.0.21
    Checking serde_core v1.0.228
    Checking cfg-if v1.0.4
    Checking num-traits v0.2.19
    Checking memchr v2.8.0
    Checking thiserror v2.0.20
    Checking itoa v1.0.18
    Checking kairo-ecs-rng v0.0.0 (/private/tmp/kairos-c42-clippy-fixes-20261005/crates/kairo-ecs-rng)
    Checking kairo-ecs-arrow v0.1.0 (/private/tmp/kairos-c42-clippy-fixes-20261005/crates/kairo-ecs-arrow)
    Checking cpufeatures v0.3.1
    Checking chrono v0.4.45
    Checking hybrid-array v0.4.15
    Checking block-buffer v0.12.1
    Checking crypto-common v0.2.2
    Checking serde_json v1.0.149
    Checking digest v0.11.3
    Checking sha2 v0.11.0
    Checking kairo-ecs-calibration v0.1.0 (/private/tmp/kairos-c42-clippy-fixes-20261005/crates/kairo-ecs-calibration)
error: unnecessary use of `clone` to create a slice from a reference
   --> crates/kairo-ecs-calibration/tests/residuals_c42.rs:183:30
    |
183 |     let out = summarize(&[], &[group.clone()], None);
    |                              ^^^^^^^^^^^^^^^^ help: try: `std::slice::from_ref(&group)`
    |
    = help: for further information visit https://rust-lang.github.io/rust-clippy/rust-1.99.0/index.html#cloned_ref_to_slice_refs
    = note: `-D clippy::cloned-ref-to-slice-refs` implied by `-D warnings`
    = help: to override `-D warnings` add `#[allow(clippy::cloned_ref_to_slice_refs)]`

error: could not compile `kairo-ecs-calibration` (test "residuals_c42") due to 1 previous error
warning: build failed, waiting for other jobs to finish...
