test_clean_schema_and_counts_are_validated_before_exception_proofs (test_npm_audit_runner.NpmAuditRunnerTests.test_clean_schema_and_counts_are_validated_before_exception_proofs) ... ok
test_corrected_pr199_extra_copy_source_drift_identity_and_proof_removal_reject (test_npm_audit_runner.NpmAuditRunnerTests.test_corrected_pr199_extra_copy_source_drift_identity_and_proof_removal_reject) ... ok
test_dispatch_accepts_only_two_exact_pr_repository_and_ref_mappings (test_npm_audit_runner.NpmAuditRunnerTests.test_dispatch_accepts_only_two_exact_pr_repository_and_ref_mappings) ... ok
test_duplicate_json_keys_are_rejected (test_npm_audit_runner.NpmAuditRunnerTests.test_duplicate_json_keys_are_rejected) ... ok
test_exact_two_corrected_pr199_copies_and_proofs_pass (test_npm_audit_runner.NpmAuditRunnerTests.test_exact_two_corrected_pr199_copies_and_proofs_pass) ... ok
test_exc193_historical_pins_cannot_bind_the_corrected_source_tree (test_npm_audit_runner.NpmAuditRunnerTests.test_exc193_historical_pins_cannot_bind_the_corrected_source_tree) ... ok
test_exc199_amendment_record_and_all_evidence_copies_are_pinned (test_npm_audit_runner.NpmAuditRunnerTests.test_exc199_amendment_record_and_all_evidence_copies_are_pinned) ... ok
test_exc199_evidence_bundle_and_mutations_fail_closed (test_npm_audit_runner.NpmAuditRunnerTests.test_exc199_evidence_bundle_and_mutations_fail_closed) ... ok
test_known_scope_proof_drift_is_rejected_after_retaining_raw_audit (test_npm_audit_runner.NpmAuditRunnerTests.test_known_scope_proof_drift_is_rejected_after_retaining_raw_audit) ... ok
test_local_main_unknown_or_main_branch_cannot_impersonate_pr193 (test_npm_audit_runner.NpmAuditRunnerTests.test_local_main_unknown_or_main_branch_cannot_impersonate_pr193) ... ok
test_main_clean_audit_passes_without_using_blocked_exception (test_npm_audit_runner.NpmAuditRunnerTests.test_main_clean_audit_passes_without_using_blocked_exception) ... ok
test_main_retains_raw_audit_artifacts_when_approved_record_is_used (test_npm_audit_runner.NpmAuditRunnerTests.test_main_retains_raw_audit_artifacts_when_approved_record_is_used) ... ok
test_policy_hash_expiry_and_raw_argv_mutations_reject (test_npm_audit_runner.NpmAuditRunnerTests.test_policy_hash_expiry_and_raw_argv_mutations_reject) ... ok
test_pr199_verify_sources_checks_approved_proofs_evidence_and_installed_copies (test_npm_audit_runner.NpmAuditRunnerTests.test_pr199_verify_sources_checks_approved_proofs_evidence_and_installed_copies) ... ok
test_unknown_local_or_pr_scope_can_pass_only_a_strict_clean_audit (test_npm_audit_runner.NpmAuditRunnerTests.test_unknown_local_or_pr_scope_can_pass_only_a_strict_clean_audit) ... ok
test_unknown_scope_nonclean_audit_is_retained_then_rejected (test_npm_audit_runner.NpmAuditRunnerTests.test_unknown_scope_nonclean_audit_is_retained_then_rejected) ... ok
test_workflow_dispatch_requires_exact_ref_and_allowed_context (test_npm_audit_runner.NpmAuditRunnerTests.test_workflow_dispatch_requires_exact_ref_and_allowed_context) ... ok

----------------------------------------------------------------------
Ran 17 tests in 0.552s

OK
