test_any_additional_advisory_at_any_severity_rejects (test_npm_audit_exception.NpmAuditExceptionPolicyTests.test_any_additional_advisory_at_any_severity_rejects) ... ok
test_approvals_require_named_owners_classification_and_evidence (test_npm_audit_exception.NpmAuditExceptionPolicyTests.test_approvals_require_named_owners_classification_and_evidence) ... ok
test_exact_approved_finding_graph_is_a_temporary_exception (test_npm_audit_exception.NpmAuditExceptionPolicyTests.test_exact_approved_finding_graph_is_a_temporary_exception) ... ok
test_hypothetical_reviewed_pr199_record_would_classify_only_with_exact_identity (test_npm_audit_exception.NpmAuditExceptionPolicyTests.test_hypothetical_reviewed_pr199_record_would_classify_only_with_exact_identity) ... ok
test_leaf_advisory_identity_must_match_even_with_matching_fingerprint (test_npm_audit_exception.NpmAuditExceptionPolicyTests.test_leaf_advisory_identity_must_match_even_with_matching_fingerprint) ... ok
test_leaf_graph_node_severity_and_range_are_part_of_the_allowlist (test_npm_audit_exception.NpmAuditExceptionPolicyTests.test_leaf_graph_node_severity_and_range_are_part_of_the_allowlist) ... ok
test_leaf_package_cannot_carry_a_second_advisory (test_npm_audit_exception.NpmAuditExceptionPolicyTests.test_leaf_package_cannot_carry_a_second_advisory) ... ok
test_metadata_counts_must_agree_with_the_finding_graph (test_npm_audit_exception.NpmAuditExceptionPolicyTests.test_metadata_counts_must_agree_with_the_finding_graph) ... ok
test_non_one_audit_exit_and_boolean_exit_cannot_use_exception (test_npm_audit_exception.NpmAuditExceptionPolicyTests.test_non_one_audit_exit_and_boolean_exit_cannot_use_exception) ... ok
test_pending_expired_and_not_yet_effective_approvals_reject (test_npm_audit_exception.NpmAuditExceptionPolicyTests.test_pending_expired_and_not_yet_effective_approvals_reject) ... ok
test_policy_cannot_expand_its_allowed_contexts (test_npm_audit_exception.NpmAuditExceptionPolicyTests.test_policy_cannot_expand_its_allowed_contexts) ... ok
test_pr199_approved_classification_remains_blocked_by_stale_fallback_gap (test_npm_audit_exception.NpmAuditExceptionPolicyTests.test_pr199_approved_classification_remains_blocked_by_stale_fallback_gap) ... ok
test_pr199_immutable_policy_or_evidence_fingerprint_mutation_rejects (test_npm_audit_exception.NpmAuditExceptionPolicyTests.test_pr199_immutable_policy_or_evidence_fingerprint_mutation_rejects) ... ok
test_pr199_requires_exact_repository_pr_ref_and_context (test_npm_audit_exception.NpmAuditExceptionPolicyTests.test_pr199_requires_exact_repository_pr_ref_and_context) ... ok
test_scan_errors_malformed_json_and_unsupported_schema_fail_closed (test_npm_audit_exception.NpmAuditExceptionPolicyTests.test_scan_errors_malformed_json_and_unsupported_schema_fail_closed) ... ok
test_scope_requires_both_the_bound_pr_and_an_allowed_context (test_npm_audit_exception.NpmAuditExceptionPolicyTests.test_scope_requires_both_the_bound_pr_and_an_allowed_context) ... ok
test_zero_finding_successful_audit_is_clean_without_approval (test_npm_audit_exception.NpmAuditExceptionPolicyTests.test_zero_finding_successful_audit_is_clean_without_approval) ... ok

----------------------------------------------------------------------
Ran 17 tests in 0.024s

OK
