    Blocking waiting for file lock on package cache
    Blocking waiting for file lock on package cache
    Blocking waiting for file lock on package cache
    Blocking waiting for file lock on package cache
   Compiling proc-macro2 v1.0.106
   Compiling quote v1.0.45
   Compiling unicode-ident v1.0.24
   Compiling kairo-ecs-types v0.0.0 (/private/tmp/careops-c20-20261005/libs/kairos/.artifacts/mvp/C2.0.red-tests.routes/disposable/crates/kairo-ecs-types)
   Compiling thiserror v2.0.20
   Compiling kairo-ecs-state v0.0.0 (/private/tmp/careops-c20-20261005/libs/kairos/.artifacts/mvp/C2.0.red-tests.routes/disposable/crates/kairo-ecs-state)
   Compiling kairo-ecs-rng v0.0.0 (/private/tmp/careops-c20-20261005/libs/kairos/.artifacts/mvp/C2.0.red-tests.routes/disposable/crates/kairo-ecs-rng)
   Compiling kairo-ecs-core v0.0.0 (/private/tmp/careops-c20-20261005/libs/kairos/.artifacts/mvp/C2.0.red-tests.routes/disposable/crates/kairo-ecs-core)
   Compiling syn v3.0.6
   Compiling thiserror-impl v2.0.20
   Compiling kairo-ecs-des v0.1.0 (/private/tmp/careops-c20-20261005/libs/kairos/.artifacts/mvp/C2.0.red-tests.routes/disposable/crates/kairo-ecs-des)
   Compiling kairo-ecs-abm v0.1.0 (/private/tmp/careops-c20-20261005/libs/kairos/.artifacts/mvp/C2.0.red-tests.routes/disposable/crates/kairo-ecs-abm)
error[E0432]: unresolved import `kairo_ecs_abm::spatial`
 --> crates/kairo-ecs-abm/tests/spatial_routes_c20.rs:1:20
  |
1 | use kairo_ecs_abm::spatial::{
  |                    ^^^^^^^ could not find `spatial` in `kairo_ecs_abm`

For more information about this error, try `rustc --explain E0432`.
error: could not compile `kairo-ecs-abm` (test "spatial_routes_c20") due to 1 previous error
