   Compiling libm v0.2.16
   Compiling autocfg v1.5.0
   Compiling zerocopy v0.8.48
    Checking cfg-if v1.0.4
   Compiling libc v0.2.186
   Compiling version_check v0.9.5
   Compiling getrandom v0.3.4
    Checking bytes v1.12.1
    Checking core-foundation-sys v0.8.7
   Compiling syn v2.0.117
    Checking once_cell v1.21.4
    Checking arrow-schema v60.0.0
    Checking iana-time-zone v0.1.65
   Compiling ahash v0.8.12
   Compiling semver v1.0.28
   Compiling num-traits v0.2.19
    Checking hashbrown v0.17.1
   Compiling rustc_version v0.4.1
    Checking bitflags v2.13.2
   Compiling flatbuffers v25.12.19
    Checking num-integer v0.1.47
    Checking num-complex v0.4.6
    Checking chrono v0.4.45
    Checking num-bigint v0.5.1
   Compiling zerocopy-derive v0.8.48
    Checking half v2.7.1
    Checking arrow-buffer v60.0.0
    Checking arrow-data v60.0.0
    Checking arrow-array v60.0.0
    Checking arrow-cmp v60.0.0
    Checking arrow-select v60.0.0
    Checking arrow-ipc v60.0.0
    Checking kairo-ecs-arrow-io v0.1.0 (/private/tmp/careops-c11-acceptance-parent-20261004/libs/kairos/crates/kairo-ecs-arrow-io)
    Finished `dev` profile [unoptimized + debuginfo] target(s) in 9.42s
