   Compiling proc-macro2 v1.0.106
   Compiling quote v1.0.45
   Compiling unicode-ident v1.0.24
    Checking typenum v1.20.1
   Compiling autocfg v1.5.0
   Compiling libc v0.2.186
   Compiling thiserror v2.0.20
   Compiling serde_core v1.0.228
   Compiling zmij v1.0.21
   Compiling serde_json v1.0.149
    Checking kairo-ecs-types v0.0.0 (/private/tmp/kairos-c22-provider-qualified-20261005/crates/kairo-ecs-types)
   Compiling num-traits v0.2.19
    Checking const-oid v0.10.2
    Checking itoa v1.0.18
    Checking memchr v2.8.0
    Checking cfg-if v1.0.4
    Checking kairo-ecs-rng v0.0.0 (/private/tmp/kairos-c22-provider-qualified-20261005/crates/kairo-ecs-rng)
    Checking hybrid-array v0.4.15
   Compiling syn v3.0.6
    Checking block-buffer v0.12.1
    Checking crypto-common v0.2.2
    Checking chrono v0.4.45
    Checking cpufeatures v0.3.1
    Checking digest v0.11.3
    Checking sha2 v0.11.0
   Compiling thiserror-impl v2.0.20
    Checking kairo-ecs-arrow v0.1.0 (/private/tmp/kairos-c22-provider-qualified-20261005/crates/kairo-ecs-arrow)
    Checking kairo-ecs-calibration v0.1.0 (/private/tmp/kairos-c22-provider-qualified-20261005/crates/kairo-ecs-calibration)
    Finished `dev` profile [unoptimized + debuginfo] target(s) in 5.56s
