   Compiling proc-macro2 v1.0.106
   Compiling quote v1.0.45
   Compiling unicode-ident v1.0.24
   Compiling typenum v1.20.1
   Compiling autocfg v1.5.0
   Compiling libc v0.2.186
   Compiling zmij v1.0.21
   Compiling thiserror v2.0.20
   Compiling serde_core v1.0.228
   Compiling kairo-ecs-types v0.0.0 (/private/tmp/careops-c22-duration-20261005/libs/kairos/.artifacts/mvp/C2.0.red-tests.provider/disposable/crates/kairo-ecs-types)
   Compiling const-oid v0.10.2
   Compiling serde_json v1.0.149
   Compiling memchr v2.8.0
   Compiling itoa v1.0.18
   Compiling num-traits v0.2.19
   Compiling cfg-if v1.0.4
   Compiling kairo-ecs-rng v0.0.0 (/private/tmp/careops-c22-duration-20261005/libs/kairos/.artifacts/mvp/C2.0.red-tests.provider/disposable/crates/kairo-ecs-rng)
   Compiling hybrid-array v0.4.15
   Compiling cpufeatures v0.3.1
   Compiling crypto-common v0.2.2
   Compiling block-buffer v0.12.1
   Compiling syn v3.0.6
   Compiling chrono v0.4.45
   Compiling digest v0.11.3
   Compiling sha2 v0.11.0
   Compiling thiserror-impl v2.0.20
   Compiling kairo-ecs-arrow v0.1.0 (/private/tmp/careops-c22-duration-20261005/libs/kairos/.artifacts/mvp/C2.0.red-tests.provider/disposable/crates/kairo-ecs-arrow)
   Compiling kairo-ecs-calibration v0.1.0 (/private/tmp/careops-c22-duration-20261005/libs/kairos/.artifacts/mvp/C2.0.red-tests.provider/disposable/crates/kairo-ecs-calibration)
warning: methods `derived_seed` and `next_u32` are never used
   --> crates/kairo-ecs-calibration/tests/../src/seed_map.rs:204:12
    |
203 | impl CalibrationStream {
    | ---------------------- methods in this implementation
204 |     pub fn derived_seed(&self) -> u64 {
    |            ^^^^^^^^^^^^
...
237 |     pub fn next_u32(&mut self) -> Result<u32, CalibrationSeedError> {
    |            ^^^^^^^^
    |
    = note: `#[warn(dead_code)]` (part of `#[warn(unused)]`) on by default

warning: `kairo-ecs-calibration` (test "work_duration_c20") generated 1 warning
    Finished `test` profile [unoptimized + debuginfo] target(s) in 7.34s
     Running tests/work_duration_c20.rs (.artifacts/mvp/C2.0.red-tests.provider/target/debug/deps/work_duration_c20-b8aaeaa1ba362bd2)

running 24 tests
test distribution_constructors_return_exact_typed_errors ... ok
test canonical_golden_samples_and_draw_positions_match ... ok
test exact_cumulative_boundaries_select_the_next_support_bucket ... ok
test fixed_u128_max_is_lossless_and_consumes_no_draws ... ok
test malformed_and_missing_lookups_preserve_stream_and_do_not_alias ... ok
test opaque_identity_restore_requires_every_identity_component_and_preserves_position ... ok
test provider_version_validation_precedes_strata_and_ids_are_fail_closed ... ok
test fixed_distribution_also_validates_purpose_and_identity ... ok
test real_large_total_rejects_first_draw_and_counts_both_transitions ... ok
test provider_dispatches_exact_stratum_and_advances_only_on_success ... ok
test seed_map::tests::every_identity_field_and_root_seed_change_the_frame_and_derived_seed ... ok
test seed_map::tests::finite_registry_is_idempotent_for_same_identity_and_rejects_collision ... ok
test seed_map::tests::purpose_tags_are_exact_u32_little_endian_values ... ok
test seed_map::tests::overflow_does_not_advance_rng_or_draw_position ... ok
test seed_map::tests::identity_validation_rejects_invalid_and_oversized_ids ... ok
test seed_map::tests::length_framing_separates_ambiguous_concatenations ... ok
test seed_map::tests::normative_golden_bytes_digest_seed_and_draws_match ... ok
test seed_map::tests::unknown_snapshot_versions_and_seed_mismatch_fail_closed ... ok
test wrong_expected_task_is_identity_mismatch_without_stream_advance ... ok
test seed_map::tests::rejected_sample_then_draw_position_overflow_preserves_owner ... ok
test stratum_ids_enforce_utf8_byte_and_control_limits_and_debug_redacts_identity ... ok
test work_duration::tests::sampled_duration_retains_opaque_identity_without_debug_leakage ... ok
test wrong_purpose_precedes_key_mismatch_and_failure_preserves_stream ... ok
test support_order_is_preserved_and_equal_order_is_repeatable ... ok

test result: ok. 24 passed; 0 failed; 0 ignored; 0 measured; 0 filtered out; finished in 0.00s

