2026-10-04T09:57:07.2553915Z Current runner version: '2.337.0'
2026-10-04T09:57:07.2568652Z ##[group]Runner Image Provisioner
2026-10-04T09:57:07.2569190Z Hosted Compute Agent
2026-10-04T09:57:07.2569526Z Version: 20260901.588
2026-10-04T09:57:07.2569954Z Commit: f88ec8081b781fac6c440065ac7ff9e710ce3d0b
2026-10-04T09:57:07.2570405Z Build Date: 2026-09-01T19:56:44Z
2026-10-04T09:57:07.2570818Z Worker ID: {c0732140-4d8d-45d7-b842-0027ab45b403}
2026-10-04T09:57:07.2571237Z Azure Region: centralus
2026-10-04T09:57:07.2571579Z ##[endgroup]
2026-10-04T09:57:07.2572294Z ##[group]Operating System
2026-10-04T09:57:07.2572910Z Ubuntu
2026-10-04T09:57:07.2573298Z 24.04.5
2026-10-04T09:57:07.2573613Z LTS
2026-10-04T09:57:07.2573917Z ##[endgroup]
2026-10-04T09:57:07.2574274Z ##[group]Runner Image
2026-10-04T09:57:07.2574649Z Image: ubuntu-24.04
2026-10-04T09:57:07.2574971Z Version: 20260927.320.1
2026-10-04T09:57:07.2575749Z Included Software: https://github.com/actions/runner-images/blob/ubuntu24/20260927.320/images/ubuntu/Ubuntu2404-Readme.md
2026-10-04T09:57:07.2576630Z Image Release: https://github.com/actions/runner-images/releases/tag/ubuntu24%2F20260927.320
2026-10-04T09:57:07.2577193Z ##[endgroup]
2026-10-04T09:57:07.2577874Z ##[group]GITHUB_TOKEN Permissions
2026-10-04T09:57:07.2578968Z Contents: read
2026-10-04T09:57:07.2579288Z Metadata: read
2026-10-04T09:57:07.2579698Z ##[endgroup]
2026-10-04T09:57:07.2581175Z Secret source: Actions
2026-10-04T09:57:07.2581768Z Cache mode: write
2026-10-04T09:57:07.2582163Z Prepare workflow directory
2026-10-04T09:57:07.2781226Z Prepare all required actions
2026-10-04T09:57:07.2810657Z Getting action download info
2026-10-04T09:57:07.5022352Z Download action repository 'actions/checkout@de0fac2e4500dabe0009e67214ff5f5447ce83dd' (SHA:de0fac2e4500dabe0009e67214ff5f5447ce83dd)
2026-10-04T09:57:07.7634625Z Download action repository 'Swatinem/rust-cache@e18b497796c12c097a38f9edb9d0641fb99eee32' (SHA:e18b497796c12c097a38f9edb9d0641fb99eee32)
2026-10-04T09:57:08.6844718Z Download action repository 'taiki-e/install-action@4cef1412cce204788f482e778a0b9187f9626a29' (SHA:4cef1412cce204788f482e778a0b9187f9626a29)
2026-10-04T09:57:09.4384564Z Download action repository 'actions/upload-artifact@043fb46d1a93c77aae656e7c1c64a875d1fc6a0a' (SHA:043fb46d1a93c77aae656e7c1c64a875d1fc6a0a)
2026-10-04T09:57:09.8183091Z Complete job name: Rust stable verification
2026-10-04T09:57:09.8636590Z ##[group]Run actions/checkout@de0fac2e4500dabe0009e67214ff5f5447ce83dd
2026-10-04T09:57:09.8636965Z with:
2026-10-04T09:57:09.8637130Z   persist-credentials: false
2026-10-04T09:57:09.8637311Z   repository: edithatogo/kairos
2026-10-04T09:57:09.8638802Z   token: ***
2026-10-04T09:57:09.8638950Z   ssh-strict: true
2026-10-04T09:57:09.8639106Z   ssh-user: git
2026-10-04T09:57:09.8639259Z   clean: true
2026-10-04T09:57:09.8639427Z   sparse-checkout-cone-mode: true
2026-10-04T09:57:09.8639612Z   fetch-depth: 1
2026-10-04T09:57:09.8639764Z   fetch-tags: false
2026-10-04T09:57:09.8639922Z   show-progress: true
2026-10-04T09:57:09.8640074Z   lfs: false
2026-10-04T09:57:09.8640232Z   submodules: false
2026-10-04T09:57:09.8640388Z   set-safe-directory: true
2026-10-04T09:57:09.8640628Z ##[endgroup]
2026-10-04T09:57:09.9384576Z Syncing repository: edithatogo/kairos
2026-10-04T09:57:09.9385770Z ##[group]Getting Git version info
2026-10-04T09:57:09.9386176Z Working directory is '/home/runner/work/kairos/kairos'
2026-10-04T09:57:09.9386768Z [command]/usr/bin/git version
2026-10-04T09:57:09.9387037Z git version 2.55.0
2026-10-04T09:57:09.9387916Z ##[endgroup]
2026-10-04T09:57:09.9390830Z Temporarily overriding HOME='/home/runner/work/_temp/8577b9d0-9d21-443f-b3d7-cb2f199c30e2' before making global git config changes
2026-10-04T09:57:09.9391546Z Adding repository directory to the temporary git global config as a safe directory
2026-10-04T09:57:09.9392142Z [command]/usr/bin/git config --global --add safe.directory /home/runner/work/kairos/kairos
2026-10-04T09:57:09.9523384Z Deleting the contents of '/home/runner/work/kairos/kairos'
2026-10-04T09:57:09.9524402Z ##[group]Initializing the repository
2026-10-04T09:57:09.9528898Z [command]/usr/bin/git init /home/runner/work/kairos/kairos
2026-10-04T09:57:09.9823126Z hint: Using 'master' as the name for the initial branch. This default branch name
2026-10-04T09:57:09.9823962Z hint: will change to "main" in Git 3.0. To configure the initial branch name
2026-10-04T09:57:09.9824504Z hint: to use in all of your new repositories, which will suppress this warning,
2026-10-04T09:57:09.9824923Z hint: call:
2026-10-04T09:57:09.9825503Z hint:
2026-10-04T09:57:09.9825830Z hint: 	git config --global init.defaultBranch <name>
2026-10-04T09:57:09.9826133Z hint:
2026-10-04T09:57:09.9826420Z hint: Names commonly chosen instead of 'master' are 'main', 'trunk' and
2026-10-04T09:57:09.9826865Z hint: 'development'. The just-created branch can be renamed via this command:
2026-10-04T09:57:09.9827208Z hint:
2026-10-04T09:57:09.9827418Z hint: 	git branch -m <name>
2026-10-04T09:57:09.9827652Z hint:
2026-10-04T09:57:09.9827982Z hint: Disable this message with "git config set advice.defaultBranchName false"
2026-10-04T09:57:09.9828467Z Initialized empty Git repository in /home/runner/work/kairos/kairos/.git/
2026-10-04T09:57:09.9839584Z [command]/usr/bin/git remote add origin https://github.com/edithatogo/kairos
2026-10-04T09:57:10.0008503Z ##[endgroup]
2026-10-04T09:57:10.0008793Z ##[group]Disabling automatic garbage collection
2026-10-04T09:57:10.0011704Z [command]/usr/bin/git config --local gc.auto 0
2026-10-04T09:57:10.0111202Z ##[endgroup]
2026-10-04T09:57:10.0111475Z ##[group]Setting up auth
2026-10-04T09:57:10.0111666Z Removing SSH command configuration
2026-10-04T09:57:10.0115218Z [command]/usr/bin/git config --local --name-only --get-regexp core\.sshCommand
2026-10-04T09:57:10.0143618Z [command]/usr/bin/git submodule foreach --recursive sh -c "git config --local --name-only --get-regexp 'core\.sshCommand' && git config --local --unset-all 'core.sshCommand' || :"
2026-10-04T09:57:10.0551085Z Removing HTTP extra header
2026-10-04T09:57:10.0556459Z [command]/usr/bin/git config --local --name-only --get-regexp http\.https\:\/\/github\.com\/\.extraheader
2026-10-04T09:57:10.0586267Z [command]/usr/bin/git submodule foreach --recursive sh -c "git config --local --name-only --get-regexp 'http\.https\:\/\/github\.com\/\.extraheader' && git config --local --unset-all 'http.https://github.com/.extraheader' || :"
2026-10-04T09:57:10.0753710Z Removing includeIf entries pointing to credentials config files
2026-10-04T09:57:10.0754330Z [command]/usr/bin/git config --local --name-only --get-regexp ^includeIf\.gitdir:
2026-10-04T09:57:10.0779848Z [command]/usr/bin/git submodule foreach --recursive git config --local --show-origin --name-only --get-regexp remote.origin.url
2026-10-04T09:57:10.0980233Z [command]/usr/bin/git config --file /home/runner/work/_temp/git-credentials-3e014068-51f7-424e-9fa5-df98368bc887.config http.https://github.com/.extraheader AUTHORIZATION: basic ***
2026-10-04T09:57:10.1012230Z [command]/usr/bin/git config --local includeIf.gitdir:/home/runner/work/kairos/kairos/.git.path /home/runner/work/_temp/git-credentials-3e014068-51f7-424e-9fa5-df98368bc887.config
2026-10-04T09:57:10.1218165Z [command]/usr/bin/git config --local includeIf.gitdir:/home/runner/work/kairos/kairos/.git/worktrees/*.path /home/runner/work/_temp/git-credentials-3e014068-51f7-424e-9fa5-df98368bc887.config
2026-10-04T09:57:10.1418789Z [command]/usr/bin/git config --local includeIf.gitdir:/github/workspace/.git.path /github/runner_temp/git-credentials-3e014068-51f7-424e-9fa5-df98368bc887.config
2026-10-04T09:57:10.1619253Z [command]/usr/bin/git config --local includeIf.gitdir:/github/workspace/.git/worktrees/*.path /github/runner_temp/git-credentials-3e014068-51f7-424e-9fa5-df98368bc887.config
2026-10-04T09:57:10.1669622Z ##[endgroup]
2026-10-04T09:57:10.1669908Z ##[group]Fetching the repository
2026-10-04T09:57:10.1675525Z [command]/usr/bin/git -c protocol.version=2 fetch --no-tags --prune --no-recurse-submodules --depth=1 origin +fb51687183fdd2143b9efa7bdf55efa4534858a9:refs/remotes/pull/207/merge
2026-10-04T09:57:11.0381424Z From https://github.com/edithatogo/kairos
2026-10-04T09:57:11.0381897Z  * [new ref]         fb51687183fdd2143b9efa7bdf55efa4534858a9 -> pull/207/merge
2026-10-04T09:57:11.0386005Z ##[endgroup]
2026-10-04T09:57:11.0386375Z ##[group]Determining the checkout info
2026-10-04T09:57:11.0386870Z ##[endgroup]
2026-10-04T09:57:11.0391775Z [command]/usr/bin/git sparse-checkout disable
2026-10-04T09:57:11.0439589Z [command]/usr/bin/git config --local --unset-all extensions.worktreeConfig
2026-10-04T09:57:11.0480673Z ##[group]Checking out the ref
2026-10-04T09:57:11.0481380Z [command]/usr/bin/git checkout --progress --force refs/remotes/pull/207/merge
2026-10-04T09:57:11.1187154Z Note: switching to 'refs/remotes/pull/207/merge'.
2026-10-04T09:57:11.1187346Z 
2026-10-04T09:57:11.1187466Z You are in 'detached HEAD' state. You can look around, make experimental
2026-10-04T09:57:11.1187719Z changes and commit them, and you can discard any commits you make in this
2026-10-04T09:57:11.1187996Z state without impacting any branches by switching back to a branch.
2026-10-04T09:57:11.1188153Z 
2026-10-04T09:57:11.1188290Z If you want to create a new branch to retain commits you create, you may
2026-10-04T09:57:11.1188535Z do so (now or later) by using -c with the switch command. Example:
2026-10-04T09:57:11.1188678Z 
2026-10-04T09:57:11.1188742Z   git switch -c <new-branch-name>
2026-10-04T09:57:11.1188835Z 
2026-10-04T09:57:11.1188900Z Or undo this operation with:
2026-10-04T09:57:11.1188988Z 
2026-10-04T09:57:11.1189183Z   git switch -
2026-10-04T09:57:11.1189403Z 
2026-10-04T09:57:11.1189594Z Turn off this advice by setting config variable advice.detachedHead to false
2026-10-04T09:57:11.1189849Z 
2026-10-04T09:57:11.1190183Z HEAD is now at fb51687 Merge e27ab751da8013aa120089bf218af2055a5929f8 into 1afe522239087d2a7a92caa352ffd19a4fd1b254
2026-10-04T09:57:11.1196976Z ##[endgroup]
2026-10-04T09:57:11.1234239Z [command]/usr/bin/git log -1 --format=%H
2026-10-04T09:57:11.1255611Z fb51687183fdd2143b9efa7bdf55efa4534858a9
2026-10-04T09:57:11.1262997Z ##[group]Removing auth
2026-10-04T09:57:11.1263228Z Removing SSH command configuration
2026-10-04T09:57:11.1265497Z [command]/usr/bin/git config --local --name-only --get-regexp core\.sshCommand
2026-10-04T09:57:11.1290755Z [command]/usr/bin/git submodule foreach --recursive sh -c "git config --local --name-only --get-regexp 'core\.sshCommand' && git config --local --unset-all 'core.sshCommand' || :"
2026-10-04T09:57:11.1455715Z Removing HTTP extra header
2026-10-04T09:57:11.1458411Z [command]/usr/bin/git config --local --name-only --get-regexp http\.https\:\/\/github\.com\/\.extraheader
2026-10-04T09:57:11.1486166Z [command]/usr/bin/git submodule foreach --recursive sh -c "git config --local --name-only --get-regexp 'http\.https\:\/\/github\.com\/\.extraheader' && git config --local --unset-all 'http.https://github.com/.extraheader' || :"
2026-10-04T09:57:11.1676371Z Removing includeIf entries pointing to credentials config files
2026-10-04T09:57:11.1676986Z [command]/usr/bin/git config --local --name-only --get-regexp ^includeIf\.gitdir:
2026-10-04T09:57:11.1700939Z includeif.gitdir:/home/runner/work/kairos/kairos/.git.path
2026-10-04T09:57:11.1701577Z includeif.gitdir:/home/runner/work/kairos/kairos/.git/worktrees/*.path
2026-10-04T09:57:11.1701848Z includeif.gitdir:/github/workspace/.git.path
2026-10-04T09:57:11.1702049Z includeif.gitdir:/github/workspace/.git/worktrees/*.path
2026-10-04T09:57:11.1709631Z [command]/usr/bin/git config --local --get-all includeif.gitdir:/home/runner/work/kairos/kairos/.git.path
2026-10-04T09:57:11.1730980Z /home/runner/work/_temp/git-credentials-3e014068-51f7-424e-9fa5-df98368bc887.config
2026-10-04T09:57:11.1739063Z [command]/usr/bin/git config --local --unset includeif.gitdir:/home/runner/work/kairos/kairos/.git.path /home/runner/work/_temp/git-credentials-3e014068-51f7-424e-9fa5-df98368bc887.config
2026-10-04T09:57:11.1789847Z [command]/usr/bin/git config --local --get-all includeif.gitdir:/home/runner/work/kairos/kairos/.git/worktrees/*.path
2026-10-04T09:57:11.1811308Z /home/runner/work/_temp/git-credentials-3e014068-51f7-424e-9fa5-df98368bc887.config
2026-10-04T09:57:11.1819498Z [command]/usr/bin/git config --local --unset includeif.gitdir:/home/runner/work/kairos/kairos/.git/worktrees/*.path /home/runner/work/_temp/git-credentials-3e014068-51f7-424e-9fa5-df98368bc887.config
2026-10-04T09:57:11.1848499Z [command]/usr/bin/git config --local --get-all includeif.gitdir:/github/workspace/.git.path
2026-10-04T09:57:11.1869933Z /github/runner_temp/git-credentials-3e014068-51f7-424e-9fa5-df98368bc887.config
2026-10-04T09:57:11.1900802Z [command]/usr/bin/git config --local --unset includeif.gitdir:/github/workspace/.git.path /github/runner_temp/git-credentials-3e014068-51f7-424e-9fa5-df98368bc887.config
2026-10-04T09:57:11.1914052Z [command]/usr/bin/git config --local --get-all includeif.gitdir:/github/workspace/.git/worktrees/*.path
2026-10-04T09:57:11.1943942Z /github/runner_temp/git-credentials-3e014068-51f7-424e-9fa5-df98368bc887.config
2026-10-04T09:57:11.1952400Z [command]/usr/bin/git config --local --unset includeif.gitdir:/github/workspace/.git/worktrees/*.path /github/runner_temp/git-credentials-3e014068-51f7-424e-9fa5-df98368bc887.config
2026-10-04T09:57:11.1980584Z [command]/usr/bin/git submodule foreach --recursive git config --local --show-origin --name-only --get-regexp remote.origin.url
2026-10-04T09:57:11.2147391Z Removing credentials config '/home/runner/work/_temp/git-credentials-3e014068-51f7-424e-9fa5-df98368bc887.config'
2026-10-04T09:57:11.2154305Z ##[endgroup]
2026-10-04T09:57:11.2305513Z ##[group]Run rustup toolchain install stable --profile minimal --component rustfmt --component clippy
2026-10-04T09:57:11.2305925Z [36;1mrustup toolchain install stable --profile minimal --component rustfmt --component clippy[0m
2026-10-04T09:57:11.2306188Z [36;1mrustup default stable[0m
2026-10-04T09:57:11.2528588Z shell: /usr/bin/bash -e {0}
2026-10-04T09:57:11.2528746Z ##[endgroup]
2026-10-04T09:57:11.4548746Z info: syncing channel updates for stable-x86_64-unknown-linux-gnu
2026-10-04T09:57:11.6412187Z info: latest update on 2026-10-01 for version 1.99.0 (b940084d7 2026-09-28)
2026-10-04T09:57:11.6484033Z info: removing previous version of component rustfmt
2026-10-04T09:57:11.6596843Z info: removing previous version of component clippy
2026-10-04T09:57:11.6606646Z info: removing previous version of component cargo
2026-10-04T09:57:11.6643132Z info: removing previous version of component rust-std
2026-10-04T09:57:11.6729265Z info: removing previous version of component rustc
2026-10-04T09:57:11.6815428Z info: downloading 5 components
2026-10-04T09:57:18.2895224Z 
2026-10-04T09:57:18.2951613Z   stable-x86_64-unknown-linux-gnu updated - rustc 1.99.0 (b940084d7 2026-09-28) (from rustc 1.98.1 (48a229cea 2026-09-01))
2026-10-04T09:57:18.2951980Z 
2026-10-04T09:57:18.3027102Z info: using existing install for stable-x86_64-unknown-linux-gnu
2026-10-04T09:57:18.3033409Z info: default toolchain set to stable-x86_64-unknown-linux-gnu
2026-10-04T09:57:18.3034225Z 
2026-10-04T09:57:18.3083253Z   stable-x86_64-unknown-linux-gnu unchanged - rustc 1.99.0 (b940084d7 2026-09-28)
2026-10-04T09:57:18.3083523Z 
2026-10-04T09:57:18.3084170Z info: note that the toolchain 'stable-x86_64-unknown-linux-gnu' is currently in use (overridden by '/home/runner/work/kairos/kairos/rust-toolchain.toml')
2026-10-04T09:57:18.3147476Z ##[group]Run Swatinem/rust-cache@e18b497796c12c097a38f9edb9d0641fb99eee32
2026-10-04T09:57:18.3147678Z with:
2026-10-04T09:57:18.3147788Z   prefix-key: v0-rust
2026-10-04T09:57:18.3147906Z   add-job-id-key: true
2026-10-04T09:57:18.3148036Z   add-rust-environment-hash-key: true
2026-10-04T09:57:18.3148184Z   cache-targets: true
2026-10-04T09:57:18.3148303Z   cache-all-crates: false
2026-10-04T09:57:18.3148437Z   cache-workspace-crates: false
2026-10-04T09:57:18.3148571Z   save-if: true
2026-10-04T09:57:18.3148685Z   cache-provider: github
2026-10-04T09:57:18.3148803Z   cache-bin: true
2026-10-04T09:57:18.3148910Z   lookup-only: false
2026-10-04T09:57:18.3149143Z   cmd-format: {0}
2026-10-04T09:57:18.3149253Z ##[endgroup]
2026-10-04T09:57:18.4765446Z (node:2232) [DEP0040] DeprecationWarning: The `punycode` module is deprecated. Please use a userland alternative instead.
2026-10-04T09:57:18.4765931Z (Use `node --trace-deprecation ...` to show where the warning was created)
2026-10-04T09:57:18.6933988Z ##[group]Cache Configuration
2026-10-04T09:57:18.6934272Z Cache Provider:
2026-10-04T09:57:18.6934444Z     github
2026-10-04T09:57:18.6934607Z Workspaces:
2026-10-04T09:57:18.6934787Z     /home/runner/work/kairos/kairos
2026-10-04T09:57:18.6935011Z Cache Paths:
2026-10-04T09:57:18.6935658Z     /home/runner/.cargo/bin
2026-10-04T09:57:18.6935868Z     /home/runner/.cargo/.crates.toml
2026-10-04T09:57:18.6936098Z     /home/runner/.cargo/.crates2.json
2026-10-04T09:57:18.6936328Z     /home/runner/.cargo/registry
2026-10-04T09:57:18.6936545Z     /home/runner/.cargo/git
2026-10-04T09:57:18.6936762Z     /home/runner/work/kairos/kairos/target
2026-10-04T09:57:18.6937002Z Restore Key:
2026-10-04T09:57:18.6937196Z     v0-rust-rust-stable-Linux-x64-1eb37abd
2026-10-04T09:57:18.6937432Z Cache Key:
2026-10-04T09:57:18.6937644Z     v0-rust-rust-stable-Linux-x64-1eb37abd-36ba09c2
2026-10-04T09:57:18.6937898Z .. Prefix:
2026-10-04T09:57:18.6938077Z   - v0-rust-rust-stable-Linux-x64
2026-10-04T09:57:18.6938333Z .. Environment considered:
2026-10-04T09:57:18.6938530Z   - Rust Versions:
2026-10-04T09:57:18.6938805Z     - 1.99.0 x86_64-unknown-linux-gnu b940084d7eb6a299eb4bfeb8e34901bc051e7ac4
2026-10-04T09:57:18.6939206Z     - 1.99.0 x86_64-unknown-linux-gnu b940084d7eb6a299eb4bfeb8e34901bc051e7ac4
2026-10-04T09:57:18.6939520Z   - CARGO_INCREMENTAL
2026-10-04T09:57:18.6939709Z .. Lockfiles considered:
2026-10-04T09:57:18.6939929Z   - /home/runner/work/kairos/kairos/Cargo.lock
2026-10-04T09:57:18.6940251Z   - /home/runner/work/kairos/kairos/crates/kairo-ecs-abm/Cargo.toml
2026-10-04T09:57:18.6940624Z   - /home/runner/work/kairos/kairos/crates/kairo-ecs-arrow/Cargo.toml
2026-10-04T09:57:18.6941001Z   - /home/runner/work/kairos/kairos/crates/kairo-ecs-bench/Cargo.toml
2026-10-04T09:57:18.6941357Z   - /home/runner/work/kairos/kairos/crates/kairo-ecs-cli/Cargo.toml
2026-10-04T09:57:18.6941720Z   - /home/runner/work/kairos/kairos/crates/kairo-ecs-core/Cargo.toml
2026-10-04T09:57:18.6942133Z   - /home/runner/work/kairos/kairos/crates/kairo-ecs-cs-bridge/Cargo.toml
2026-10-04T09:57:18.6942514Z   - /home/runner/work/kairos/kairos/crates/kairo-ecs-debug/Cargo.toml
2026-10-04T09:57:18.6943035Z   - /home/runner/work/kairos/kairos/crates/kairo-ecs-des/Cargo.toml
2026-10-04T09:57:18.6943413Z   - /home/runner/work/kairos/kairos/crates/kairo-ecs-diplomat/Cargo.toml
2026-10-04T09:57:18.6943790Z   - /home/runner/work/kairos/kairos/crates/kairo-ecs-ffi/Cargo.toml
2026-10-04T09:57:18.6944130Z   - /home/runner/work/kairos/kairos/crates/kairo-ecs-fmi/Cargo.toml
2026-10-04T09:57:18.6944432Z   - /home/runner/work/kairos/kairos/crates/kairo-ecs-game-ontology/Cargo.toml
2026-10-04T09:57:18.6944697Z   - /home/runner/work/kairos/kairos/crates/kairo-ecs-game-theory/Cargo.toml
2026-10-04T09:57:18.6945031Z   - /home/runner/work/kairos/kairos/crates/kairo-ecs-gpu/Cargo.toml
2026-10-04T09:57:18.6945331Z   - /home/runner/work/kairos/kairos/crates/kairo-ecs-grpc/Cargo.toml
2026-10-04T09:57:18.6945842Z   - /home/runner/work/kairos/kairos/crates/kairo-ecs-ml/Cargo.toml
2026-10-04T09:57:18.6946063Z   - /home/runner/work/kairos/kairos/crates/kairo-ecs-mpi/Cargo.toml
2026-10-04T09:57:18.6946287Z   - /home/runner/work/kairos/kairos/crates/kairo-ecs-pdes/Cargo.toml
2026-10-04T09:57:18.6946506Z   - /home/runner/work/kairos/kairos/crates/kairo-ecs-rng/Cargo.toml
2026-10-04T09:57:18.6946867Z   - /home/runner/work/kairos/kairos/crates/kairo-ecs-state/Cargo.toml
2026-10-04T09:57:18.6947110Z   - /home/runner/work/kairos/kairos/crates/kairo-ecs-streaming/Cargo.toml
2026-10-04T09:57:18.6947345Z   - /home/runner/work/kairos/kairos/crates/kairo-ecs-types/Cargo.toml
2026-10-04T09:57:18.6947572Z   - /home/runner/work/kairos/kairos/crates/kairo-ecs-uniffi/Cargo.toml
2026-10-04T09:57:18.6948015Z   - /home/runner/work/kairos/kairos/crates/kairo-ecs-viz/Cargo.toml
2026-10-04T09:57:18.6948236Z   - /home/runner/work/kairos/kairos/crates/kairo-ecs-wasm/Cargo.toml
2026-10-04T09:57:18.6948506Z   - /home/runner/work/kairos/kairos/crates/kairo-ecs-webgpu/Cargo.toml
2026-10-04T09:57:18.6948787Z   - /home/runner/work/kairos/kairos/rust-toolchain.toml
2026-10-04T09:57:18.6949128Z   - /home/runner/work/kairos/kairos/templates/rust-toolchain.toml
2026-10-04T09:57:18.6949562Z ##[endgroup]
2026-10-04T09:57:18.6949633Z 
2026-10-04T09:57:18.6949685Z ... Restoring cache ...
2026-10-04T09:57:18.8178034Z Cache hit for: v0-rust-rust-stable-Linux-x64-1eb37abd-36ba09c2
2026-10-04T09:57:19.9792982Z Received 134217728 of 236687438 (56.7%), 128.0 MBs/sec
2026-10-04T09:57:20.3178908Z Received 236687438 of 236687438 (100.0%), 168.6 MBs/sec
2026-10-04T09:57:20.3179248Z Cache Size: ~226 MB (236687438 B)
2026-10-04T09:57:20.3289044Z [command]/usr/bin/tar -xf /home/runner/work/_temp/7f690461-f6ff-4fbd-8ce1-b2c4e4fcb478/cache.tzst -P -C /home/runner/work/kairos/kairos --use-compress-program unzstd
2026-10-04T09:57:21.4664042Z Cache restored successfully
2026-10-04T09:57:21.7460433Z Restored from cache key "v0-rust-rust-stable-Linux-x64-1eb37abd-36ba09c2" full match: true.
2026-10-04T09:57:21.7756386Z ##[group]Run taiki-e/install-action@4cef1412cce204788f482e778a0b9187f9626a29
2026-10-04T09:57:21.7756609Z with:
2026-10-04T09:57:21.7756805Z   tool: cargo-nextest@0.9.146
cargo-deny@0.20.2
cargo-audit@0.22.2
cargo-llvm-cov@0.9.1

2026-10-04T09:57:21.7757027Z   fallback: none
2026-10-04T09:57:21.7757140Z   checksum: true
2026-10-04T09:57:21.7757245Z env:
2026-10-04T09:57:21.7757354Z   CACHE_ON_FAILURE: false
2026-10-04T09:57:21.7757483Z   CARGO_INCREMENTAL: 0
2026-10-04T09:57:21.7757605Z ##[endgroup]
2026-10-04T09:57:21.7814104Z ##[start-action display=Run bail() {;id=__taiki-e_install-action.__run]
2026-10-04T09:57:21.7856024Z ##[group]Run bail() {
2026-10-04T09:57:21.7856191Z [36;1mbail() {[0m
2026-10-04T09:57:21.7856334Z [36;1m  printf '::error::install-action: %s\n' "$*"[0m
2026-10-04T09:57:21.7856504Z [36;1m  exit 1[0m
2026-10-04T09:57:21.7856612Z [36;1m}[0m
2026-10-04T09:57:21.7856838Z [36;1m# If /bin/sh is dash, environment variable containing % is not imported, but is fine[0m
2026-10-04T09:57:21.7857122Z [36;1m# because it also means that it will not be exposed to subprocess.[0m
2026-10-04T09:57:21.7857356Z [36;1mif /usr/bin/env | grep -Eq '^BASH_FUNC_'; then[0m
2026-10-04T09:57:21.7857646Z [36;1m  bail 'bash function injection via BASH_FUNC_ environment variable is not allowed for security reasons'[0m
2026-10-04T09:57:21.7857900Z [36;1mfi[0m
2026-10-04T09:57:21.7858026Z [36;1mif ! command -v bash >/dev/null; then[0m
2026-10-04T09:57:21.7858214Z [36;1m  if grep -Eq '^ID=alpine' /etc/os-release; then[0m
2026-10-04T09:57:21.7858455Z [36;1m    printf '::group::Install packages required for install-action (bash)\n'[0m
2026-10-04T09:57:21.7858686Z [36;1m    # NB: sync with apk_install in main.sh[0m
2026-10-04T09:57:21.7858860Z [36;1m    if command -v sudo >/dev/null; then[0m
2026-10-04T09:57:21.7859026Z [36;1m      sudo apk --no-cache add bash[0m
2026-10-04T09:57:21.7859197Z [36;1m    elif command -v doas >/dev/null; then[0m
2026-10-04T09:57:21.7859365Z [36;1m      doas apk --no-cache add bash[0m
2026-10-04T09:57:21.7859509Z [36;1m    else[0m
2026-10-04T09:57:21.7859629Z [36;1m      apk --no-cache add bash[0m
2026-10-04T09:57:21.7859769Z [36;1m    fi[0m
2026-10-04T09:57:21.7859885Z [36;1m    printf '::endgroup::\n'[0m
2026-10-04T09:57:21.7860022Z [36;1m  else[0m
2026-10-04T09:57:21.7860145Z [36;1m    bail 'this action requires bash'[0m
2026-10-04T09:57:21.7860294Z [36;1m  fi[0m
2026-10-04T09:57:21.7860396Z [36;1mfi[0m
2026-10-04T09:57:21.7860549Z [36;1mbash --noprofile --norc "${GITHUB_ACTION_PATH:?}/main.sh"[0m
2026-10-04T09:57:21.7862385Z shell: /usr/bin/env -u ENV -u BASH_ENV -u CDPATH -u SHELLOPTS -u BASHOPTS /bin/sh -eu {0}
2026-10-04T09:57:21.7862924Z env:
2026-10-04T09:57:21.7863036Z   CACHE_ON_FAILURE: false
2026-10-04T09:57:21.7863165Z   CARGO_INCREMENTAL: 0
2026-10-04T09:57:21.7863381Z   INPUT_TOOL: cargo-nextest@0.9.146
cargo-deny@0.20.2
cargo-audit@0.22.2
cargo-llvm-cov@0.9.1

2026-10-04T09:57:21.7863615Z   INPUT_CHECKSUM: true
2026-10-04T09:57:21.7863733Z   INPUT_FALLBACK: none
2026-10-04T09:57:21.7863854Z   DEFAULT_GITHUB_TOKEN: 
2026-10-04T09:57:21.7864059Z   ACTION_USER_AGENT: taiki-e/install-action (4cef1412cce204788f482e778a0b9187f9626a29)
2026-10-04T09:57:21.7864276Z   RUNNER_OS: Linux
2026-10-04T09:57:21.7864386Z   RUNNER_ARCH: X64
2026-10-04T09:57:21.7864498Z ##[endgroup]
2026-10-04T09:57:21.8037871Z info: host platform: x86_64_linux
2026-10-04T09:57:21.8197844Z info: installing cargo-nextest@0.9.146
2026-10-04T09:57:21.8352505Z info: downloading https://github.com/nextest-rs/nextest/releases/download/cargo-nextest-0.9.146/cargo-nextest-0.9.146-x86_64-unknown-linux-gnu.tar.gz
2026-10-04T09:57:22.1281792Z info: verifying sha256 checksum for cargo-nextest-0.9.146-x86_64-unknown-linux-gnu.tar.gz
2026-10-04T09:57:22.3155314Z info: cargo-nextest installed at /home/runner/.cargo/bin/cargo-nextest
2026-10-04T09:57:22.3157797Z + cargo-nextest nextest --version
2026-10-04T09:57:22.3179965Z cargo-nextest 0.9.146 (8af696ddc 2026-09-21)
2026-10-04T09:57:22.3180138Z release: 0.9.146
2026-10-04T09:57:22.3180288Z commit-hash: 8af696ddcce8fff2962d6a5168b6d138b8616a35
2026-10-04T09:57:22.3180462Z commit-date: 2026-09-21
2026-10-04T09:57:22.3180597Z host: x86_64-unknown-linux-gnu
2026-10-04T09:57:22.3183806Z 
2026-10-04T09:57:22.3284283Z info: installing cargo-deny@0.20.2
2026-10-04T09:57:22.3421011Z info: downloading https://github.com/EmbarkStudios/cargo-deny/releases/download/0.20.2/cargo-deny-0.20.2-x86_64-unknown-linux-musl.tar.gz
2026-10-04T09:57:22.5826763Z info: verifying sha256 checksum for cargo-deny-0.20.2-x86_64-unknown-linux-musl.tar.gz
2026-10-04T09:57:22.6346497Z info: cargo-deny installed at /home/runner/.cargo/bin/cargo-deny
2026-10-04T09:57:22.6348969Z + cargo-deny deny --version
2026-10-04T09:57:22.6355779Z cargo-deny 0.20.2
2026-10-04T09:57:22.6357786Z 
2026-10-04T09:57:22.6452878Z info: installing cargo-audit@0.22.2
2026-10-04T09:57:22.6590276Z info: downloading https://github.com/rustsec/rustsec/releases/download/cargo-audit/v0.22.2/cargo-audit-x86_64-unknown-linux-musl-v0.22.2.tgz
2026-10-04T09:57:23.0210222Z info: verifying sha256 checksum for cargo-audit-x86_64-unknown-linux-musl-v0.22.2.tgz
2026-10-04T09:57:23.1143565Z info: cargo-audit installed at /home/runner/.cargo/bin/cargo-audit
2026-10-04T09:57:23.1145866Z + cargo-audit audit --version
2026-10-04T09:57:23.1153676Z cargo-audit-audit 0.22.2
2026-10-04T09:57:23.1155606Z 
2026-10-04T09:57:23.1268314Z info: installing cargo-llvm-cov@0.9.1
2026-10-04T09:57:23.1421974Z info: downloading https://github.com/taiki-e/cargo-llvm-cov/releases/download/v0.9.1/cargo-llvm-cov-x86_64-unknown-linux-musl.tar.gz
2026-10-04T09:57:23.4532529Z info: verifying sha256 checksum for cargo-llvm-cov-x86_64-unknown-linux-musl.tar.gz
2026-10-04T09:57:23.4836334Z info: cargo-llvm-cov installed at /home/runner/.cargo/bin/cargo-llvm-cov
2026-10-04T09:57:23.4838815Z + cargo-llvm-cov llvm-cov --version
2026-10-04T09:57:23.4843302Z cargo-llvm-cov 0.9.1
2026-10-04T09:57:23.4844692Z 
2026-10-04T09:57:23.4875691Z ##[end-action id=__taiki-e_install-action.__run;outcome=success;conclusion=success;duration_ms=1706]
2026-10-04T09:57:23.4880922Z ##[start-action display=Run Set-StrictMode -Version Latest;id=__taiki-e_install-action.__run_2]
2026-10-04T09:57:23.4884266Z ##[end-action id=__taiki-e_install-action.__run_2;outcome=skipped;conclusion=skipped;duration_ms=0]
2026-10-04T09:57:23.5665453Z ##[group]Run test -f Cargo.toml
2026-10-04T09:57:23.5665658Z [36;1mtest -f Cargo.toml[0m
2026-10-04T09:57:23.5665838Z [36;1mcargo metadata --no-deps --format-version 1 >/dev/null[0m
2026-10-04T09:57:23.5715358Z shell: /usr/bin/bash -e {0}
2026-10-04T09:57:23.5715507Z env:
2026-10-04T09:57:23.5715790Z   CACHE_ON_FAILURE: false
2026-10-04T09:57:23.5715923Z   CARGO_INCREMENTAL: 0
2026-10-04T09:57:23.5716047Z ##[endgroup]
2026-10-04T09:57:23.6668666Z ##[group]Run cargo fmt --all --check
2026-10-04T09:57:23.6668880Z [36;1mcargo fmt --all --check[0m
2026-10-04T09:57:23.6720508Z shell: /usr/bin/bash -e {0}
2026-10-04T09:57:23.6720649Z env:
2026-10-04T09:57:23.6720766Z   CACHE_ON_FAILURE: false
2026-10-04T09:57:23.6720898Z   CARGO_INCREMENTAL: 0
2026-10-04T09:57:23.6721024Z ##[endgroup]
2026-10-04T09:57:23.9928658Z ##[group]Run cargo clippy --workspace --all-targets --all-features -- -D warnings
2026-10-04T09:57:23.9928980Z [36;1mcargo clippy --workspace --all-targets --all-features -- -D warnings[0m
2026-10-04T09:57:23.9978546Z shell: /usr/bin/bash -e {0}
2026-10-04T09:57:23.9978686Z env:
2026-10-04T09:57:23.9978799Z   CACHE_ON_FAILURE: false
2026-10-04T09:57:23.9978927Z   CARGO_INCREMENTAL: 0
2026-10-04T09:57:23.9979049Z ##[endgroup]
2026-10-04T09:57:24.1568993Z     Updating crates.io index
2026-10-04T09:57:25.3868024Z     Checking kairo-ecs-types v0.0.0 (/home/runner/work/kairos/kairos/crates/kairo-ecs-types)
2026-10-04T09:57:25.3889355Z     Checking kairo-ecs-gpu v0.1.0 (/home/runner/work/kairos/kairos/crates/kairo-ecs-gpu)
2026-10-04T09:57:25.3890901Z     Checking kairo-ecs-game-ontology v0.1.0 (/home/runner/work/kairos/kairos/crates/kairo-ecs-game-ontology)
2026-10-04T09:57:25.3898208Z     Checking kairo-ecs-fmi v0.1.0 (/home/runner/work/kairos/kairos/crates/kairo-ecs-fmi)
2026-10-04T09:57:25.4417811Z     Checking kairo-ecs-streaming v0.1.0 (/home/runner/work/kairos/kairos/crates/kairo-ecs-streaming)
2026-10-04T09:57:25.4499639Z     Checking kairo-ecs-core v0.0.0 (/home/runner/work/kairos/kairos/crates/kairo-ecs-core)
2026-10-04T09:57:25.4846330Z     Checking kairo-ecs-state v0.0.0 (/home/runner/work/kairos/kairos/crates/kairo-ecs-state)
2026-10-04T09:57:25.4988328Z     Checking kairo-ecs-rng v0.0.0 (/home/runner/work/kairos/kairos/crates/kairo-ecs-rng)
2026-10-04T09:57:25.5053704Z     Checking kairo-ecs-pdes v0.0.0 (/home/runner/work/kairos/kairos/crates/kairo-ecs-pdes)
2026-10-04T09:57:25.5246186Z     Checking kairo-ecs-debug v0.0.0 (/home/runner/work/kairos/kairos/crates/kairo-ecs-debug)
2026-10-04T09:57:25.5313924Z     Checking kairo-ecs-game-theory v0.1.0 (/home/runner/work/kairos/kairos/crates/kairo-ecs-game-theory)
2026-10-04T09:57:25.5356108Z     Checking kairo-ecs-ffi v0.1.0 (/home/runner/work/kairos/kairos/crates/kairo-ecs-ffi)
2026-10-04T09:57:25.5967361Z     Checking kairo-ecs-bench v0.1.0 (/home/runner/work/kairos/kairos/crates/kairo-ecs-bench)
2026-10-04T09:57:25.5968044Z     Checking kairo-ecs-arrow v0.1.0 (/home/runner/work/kairos/kairos/crates/kairo-ecs-arrow)
2026-10-04T09:57:25.6244837Z     Checking kairo-ecs-des v0.1.0 (/home/runner/work/kairos/kairos/crates/kairo-ecs-des)
2026-10-04T09:57:25.6523895Z     Checking kairo-ecs-abm v0.1.0 (/home/runner/work/kairos/kairos/crates/kairo-ecs-abm)
2026-10-04T09:57:25.6583804Z     Checking kairo-ecs-viz v0.1.0 (/home/runner/work/kairos/kairos/crates/kairo-ecs-viz)
2026-10-04T09:57:25.6860571Z     Checking kairo-ecs-webgpu v0.1.0 (/home/runner/work/kairos/kairos/crates/kairo-ecs-webgpu)
2026-10-04T09:57:25.7143994Z     Checking kairo-ecs-ml v0.1.0 (/home/runner/work/kairos/kairos/crates/kairo-ecs-ml)
2026-10-04T09:57:25.7788193Z error: use of deprecated method `std::sync::atomic::Atomic::<u64>::fetch_update`: renamed to `try_update` for consistency
2026-10-04T09:57:25.7813485Z     --> crates/kairo-ecs-pdes/src/optimistic.rs:1036:14
2026-10-04T09:57:25.7843632Z      |
2026-10-04T09:57:25.7873891Z 1036 |             .fetch_update(Ordering::AcqRel, Ordering::Acquire, |value| {
2026-10-04T09:57:25.7889538Z      |              ^^^^^^^^^^^^
2026-10-04T09:57:25.7894562Z      |
2026-10-04T09:57:25.7894969Z      = note: `-D deprecated` implied by `-D warnings`
2026-10-04T09:57:25.7895531Z      = help: to override `-D warnings` add `#[allow(deprecated)]`
2026-10-04T09:57:25.7895939Z help: replace the use of the deprecated method
2026-10-04T09:57:25.7896305Z      |
2026-10-04T09:57:25.7896904Z 1036 -             .fetch_update(Ordering::AcqRel, Ordering::Acquire, |value| {
2026-10-04T09:57:25.7897378Z 1036 +             .try_update(Ordering::AcqRel, Ordering::Acquire, |value| {
2026-10-04T09:57:25.7897760Z      |
2026-10-04T09:57:25.7897956Z 
2026-10-04T09:57:26.0274613Z     Checking kairo-ecs-wasm v0.1.0 (/home/runner/work/kairos/kairos/crates/kairo-ecs-wasm)
2026-10-04T09:57:26.0334722Z     Checking kairo-ecs-diplomat v0.1.0 (/home/runner/work/kairos/kairos/crates/kairo-ecs-diplomat)
2026-10-04T09:57:26.0353444Z     Checking kairo-ecs-uniffi v0.1.0 (/home/runner/work/kairos/kairos/crates/kairo-ecs-uniffi)
2026-10-04T09:57:26.0568949Z     Checking kairo-ecs-cs-bridge v0.1.0 (/home/runner/work/kairos/kairos/crates/kairo-ecs-cs-bridge)
2026-10-04T09:57:26.2033941Z error: could not compile `kairo-ecs-pdes` (lib) due to 1 previous error
2026-10-04T09:57:26.2050139Z warning: build failed, waiting for other jobs to finish...
2026-10-04T09:57:26.3225638Z ##[error]Process completed with exit code 101.
2026-10-04T09:57:26.3315401Z Post job cleanup.
2026-10-04T09:57:26.3833470Z [command]/usr/bin/git version
2026-10-04T09:57:26.3885988Z git version 2.55.0
2026-10-04T09:57:26.3910105Z Temporarily overriding HOME='/home/runner/work/_temp/e52da448-b72b-4be9-9c0f-4862732d10fa' before making global git config changes
2026-10-04T09:57:26.3910849Z Adding repository directory to the temporary git global config as a safe directory
2026-10-04T09:57:26.3913348Z [command]/usr/bin/git config --global --add safe.directory /home/runner/work/kairos/kairos
2026-10-04T09:57:26.4360140Z Removing SSH command configuration
2026-10-04T09:57:26.4366500Z [command]/usr/bin/git config --local --name-only --get-regexp core\.sshCommand
2026-10-04T09:57:26.4401166Z [command]/usr/bin/git submodule foreach --recursive sh -c "git config --local --name-only --get-regexp 'core\.sshCommand' && git config --local --unset-all 'core.sshCommand' || :"
2026-10-04T09:57:26.4569228Z Removing HTTP extra header
2026-10-04T09:57:26.4572057Z [command]/usr/bin/git config --local --name-only --get-regexp http\.https\:\/\/github\.com\/\.extraheader
2026-10-04T09:57:26.4597035Z [command]/usr/bin/git submodule foreach --recursive sh -c "git config --local --name-only --get-regexp 'http\.https\:\/\/github\.com\/\.extraheader' && git config --local --unset-all 'http.https://github.com/.extraheader' || :"
2026-10-04T09:57:26.4757869Z Removing includeIf entries pointing to credentials config files
2026-10-04T09:57:26.4761440Z [command]/usr/bin/git config --local --name-only --get-regexp ^includeIf\.gitdir:
2026-10-04T09:57:26.4787137Z [command]/usr/bin/git submodule foreach --recursive git config --local --show-origin --name-only --get-regexp remote.origin.url
2026-10-04T09:57:26.5223648Z Cleaning up orphan processes
